Archive member included to satisfy reference by file (symbol)

app/libapp.a(zephyr_platform.c.obj)
                              (--whole-archive)
app/libapp.a(zephyr_thread.c.obj)
                              (--whole-archive)
app/libapp.a(zephyr_time.c.obj)
                              (--whole-archive)
app/libapp.a(ems_alloc.c.obj)
                              (--whole-archive)
app/libapp.a(ems_gc.c.obj)    (--whole-archive)
app/libapp.a(ems_hmu.c.obj)   (--whole-archive)
app/libapp.a(ems_kfc.c.obj)   (--whole-archive)
app/libapp.a(mem_alloc.c.obj)
                              (--whole-archive)
app/libapp.a(bh_assert.c.obj)
                              (--whole-archive)
app/libapp.a(bh_bitmap.c.obj)
                              (--whole-archive)
app/libapp.a(bh_common.c.obj)
                              (--whole-archive)
app/libapp.a(bh_hashmap.c.obj)
                              (--whole-archive)
app/libapp.a(bh_leb128.c.obj)
                              (--whole-archive)
app/libapp.a(bh_list.c.obj)   (--whole-archive)
app/libapp.a(bh_log.c.obj)    (--whole-archive)
app/libapp.a(bh_queue.c.obj)  (--whole-archive)
app/libapp.a(bh_vector.c.obj)
                              (--whole-archive)
app/libapp.a(runtime_timer.c.obj)
                              (--whole-archive)
app/libapp.a(libc_builtin_wrapper.c.obj)
                              (--whole-archive)
app/libapp.a(wasm_application.c.obj)
                              (--whole-archive)
app/libapp.a(wasm_blocking_op.c.obj)
                              (--whole-archive)
app/libapp.a(wasm_c_api.c.obj)
                              (--whole-archive)
app/libapp.a(wasm_exec_env.c.obj)
                              (--whole-archive)
app/libapp.a(wasm_loader_common.c.obj)
                              (--whole-archive)
app/libapp.a(wasm_memory.c.obj)
                              (--whole-archive)
app/libapp.a(wasm_native.c.obj)
                              (--whole-archive)
app/libapp.a(wasm_runtime_common.c.obj)
                              (--whole-archive)
app/libapp.a(wasm_shared_memory.c.obj)
                              (--whole-archive)
app/libapp.a(invokeNative_thumb.s.obj)
                              (--whole-archive)
app/libapp.a(wasm_interp_classic.c.obj)
                              (--whole-archive)
app/libapp.a(wasm_loader.c.obj)
                              (--whole-archive)
app/libapp.a(wasm_runtime.c.obj)
                              (--whole-archive)
app/libapp.a(aot_intrinsic.c.obj)
                              (--whole-archive)
app/libapp.a(aot_loader.c.obj)
                              (--whole-archive)
app/libapp.a(aot_runtime.c.obj)
                              (--whole-archive)
app/libapp.a(aot_reloc_thumb.c.obj)
                              (--whole-archive)
app/libapp.a(main.c.obj)      (--whole-archive)
zephyr/libzephyr.a(validate_libc.c.obj)
                              (--whole-archive)
zephyr/libzephyr.a(heap.c.obj)
                              (--whole-archive)
zephyr/libzephyr.a(cbprintf_packaged.c.obj)
                              (--whole-archive)
zephyr/libzephyr.a(clock.c.obj)
                              (--whole-archive)
zephyr/libzephyr.a(printk.c.obj)
                              (--whole-archive)
zephyr/libzephyr.a(sem.c.obj)
                              (--whole-archive)
zephyr/libzephyr.a(thread_entry.c.obj)
                              (--whole-archive)
zephyr/libzephyr.a(cbprintf_complete.c.obj)
                              (--whole-archive)
zephyr/libzephyr.a(assert.c.obj)
                              (--whole-archive)
zephyr/libzephyr.a(dec.c.obj)
                              (--whole-archive)
zephyr/libzephyr.a(hex.c.obj)
                              (--whole-archive)
zephyr/libzephyr.a(rb.c.obj)  (--whole-archive)
zephyr/libzephyr.a(timeutil.c.obj)
                              (--whole-archive)
zephyr/libzephyr.a(bitarray.c.obj)
                              (--whole-archive)
zephyr/libzephyr.a(bitmask.c.obj)
                              (--whole-archive)
zephyr/libzephyr.a(ring_buffer.c.obj)
                              (--whole-archive)
zephyr/libzephyr.a(last_section_id.c.obj)
                              (--whole-archive)
zephyr/libzephyr.a(configs.c.obj)
                              (--whole-archive)
zephyr/libzephyr.a(stm32cube_hal.c.obj)
                              (--whole-archive)
zephyr/libzephyr.a(soc_config.c.obj)
                              (--whole-archive)
zephyr/libzephyr.a(stm32_backup_sram.c.obj)
                              (--whole-archive)
zephyr/libzephyr.a(stm32_backup_domain.c.obj)
                              (--whole-archive)
zephyr/libzephyr.a(soc.c.obj)
                              (--whole-archive)
zephyr/libzephyr.a(mem_attr.c.obj)
                              (--whole-archive)
zephyr/libzephyr.a(tracing_none.c.obj)
                              (--whole-archive)
zephyr/arch/common/libarch__common.a(sw_isr_common.c.obj)
[...]
Memory Configuration

Name             Origin             Length             Attributes
FLASH            0x0000000008000000 0x0000000000080000 xr
RAM              0x0000000020000000 0x0000000000020000 xw
BACKUP_SRAM      0x0000000040024000 0x0000000000001000 rw
SRAM0            0x0000000020000000 0x0000000000020000 rw
IDT_LIST         0x00000000ffff7fff 0x0000000000008000 xw
*default*        0x0000000000000000 0xffffffffffffffff

Linker script and memory map

                0x0000000008013d28                vfprintf = __l_vfprintf
                0x0000000000000000                vfscanf = __l_vfscanf
LOAD zephyr/CMakeFiles/zephyr_final.dir/misc/empty_file.c.obj
LOAD zephyr/CMakeFiles/zephyr_final.dir/isr_tables.c.obj
LOAD zephyr/CMakeFiles/offsets.dir/./arch/arm/core/offsets/offsets.c.obj
LOAD app/libapp.a
LOAD zephyr/libzephyr.a
LOAD zephyr/arch/common/libarch__common.a
LOAD zephyr/arch/arch/arm/core/libarch__arm__core.a
LOAD zephyr/arch/arch/arm/core/cortex_m/libarch__arm__core__cortex_m.a
LOAD zephyr/arch/arch/arm/core/mpu/libarch__arm__core__mpu.a
LOAD zephyr/lib/libc/picolibc/liblib__libc__picolibc.a
LOAD zephyr/lib/libc/common/liblib__libc__common.a
LOAD zephyr/lib/posix/c_lib_ext/liblib__posix__c_lib_ext.a
LOAD zephyr/drivers/interrupt_controller/libdrivers__interrupt_controller.a
LOAD zephyr/drivers/clock_control/libdrivers__clock_control.a
LOAD zephyr/drivers/console/libdrivers__console.a
LOAD zephyr/drivers/gpio/libdrivers__gpio.a
LOAD zephyr/drivers/pinctrl/libdrivers__pinctrl.a
LOAD zephyr/drivers/reset/libdrivers__reset.a
LOAD zephyr/drivers/serial/libdrivers__serial.a
LOAD zephyr/drivers/timer/libdrivers__timer.a
LOAD modules/hal_stm32/stm32cube/lib..__modules__hal__stm32__stm32cube.a
LOAD zephyr/kernel/libkernel.a
LOAD zephyr/arch/common/libisr_tables.a
LOAD c:\users\salvo\zephyr-sdk-0.17.4\arm-zephyr-eabi\bin\../lib/gcc/../../picolibc/arm-zephyr-eabi/lib/thumb/v7e-m/nofp\libc.a
LOAD c:/users/salvo/zephyr-sdk-0.17.4/arm-zephyr-eabi/bin/../lib/gcc/arm-zephyr-eabi/12.2.0/thumb/v7e-m/nofp\libgcc.a
                0x0000000000000020                _region_min_align = 0x20

.rel.plt        0x0000000008000000        0x0
 *(SORT_BY_ALIGNMENT(.rel.plt))
                [!provide]                        PROVIDE (__rel_iplt_start = .)
 *(SORT_BY_ALIGNMENT(.rel.iplt))
 .rel.iplt      0x0000000008000000        0x0 zephyr/CMakeFiles/zephyr_final.dir/isr_tables.c.obj
                [!provide]                        PROVIDE (__rel_iplt_end = .)

.rela.plt       0x0000000000000000        0x0
 *(SORT_BY_ALIGNMENT(.rela.plt))
                [!provide]                        PROVIDE (__rela_iplt_start = .)
 *(SORT_BY_ALIGNMENT(.rela.iplt))
                [!provide]                        PROVIDE (__rela_iplt_end = .)

.rel.dyn
 *(SORT_BY_ALIGNMENT(.rel.*))

.rela.dyn
 *(SORT_BY_ALIGNMENT(.rela.*))

/DISCARD/
 *(SORT_BY_ALIGNMENT(.plt))

/DISCARD/
 *(SORT_BY_ALIGNMENT(.iplt))
                0x0000000008000000                __rom_region_start = 0x8000000

rom_start       0x0000000008000000      0x1c4
                0x0000000008000000                __rom_start_address = .
 FILL mask 0x00
                0x0000000008000000                . = (. + (0x0 - (. - __rom_start_address)))
                0x0000000008000000                . = ALIGN (0x4)
                0x0000000008000000                . = ALIGN (0x80)
                0x0000000008000000                . = ALIGN (0x200)
                0x0000000008000000                _vector_start = .
 *(SORT_BY_ALIGNMENT(.exc_vector_table))
 *(SORT_BY_ALIGNMENT(.exc_vector_table.*))
 .exc_vector_table._vector_table_section
                0x0000000008000000       0x40 zephyr/arch/arch/arm/core/cortex_m/libarch__arm__core__cortex_m.a(vector_table.S.obj)
                0x0000000008000000                _vector_table
 *(SORT_BY_ALIGNMENT(.vectors))
                0x00000000080001c4                _vector_end = .
                0x0000000008000040                . = ALIGN (0x4)
 *(SORT_BY_ALIGNMENT(.gnu.linkonce.irq_vector_table*))
 .gnu.linkonce.irq_vector_table
                0x0000000008000040      0x184 zephyr/CMakeFiles/zephyr_final.dir/isr_tables.c.obj
                0x0000000008000040                _irq_vector_table
                0x00000000080001c4                _vector_end = .

text            0x00000000080001d0    0x193d4
                0x00000000080001d0                __text_region_start = .
 *(SORT_BY_ALIGNMENT(.text))
 .text          0x00000000080001d0       0xa0 c:\users\salvo\zephyr-sdk-0.17.4\arm-zephyr-eabi\bin\../lib/gcc/../../picolibc/arm-zephyr-eabi/lib/thumb/v7e-m/nofp\libc.a(memchr.S.o)
                0x00000000080001d0                memchr
 .text          0x0000000008000270       0x68 app/libapp.a(invokeNative_thumb.s.obj)
                0x0000000008000270                invokeNative
 .text          0x00000000080002d8       0x24 c:/users/salvo/zephyr-sdk-0.17.4/arm-zephyr-eabi/bin/../lib/gcc/arm-zephyr-eabi/12.2.0/thumb/v7e-m/nofp\libgcc.a(_udivsi3.o)
                0x00000000080002d8                __aeabi_uidiv
                0x00000000080002d8                __udivsi3
                0x00000000080002ec                __aeabi_uidivmod
 .text          0x00000000080002fc       0x2c c:/users/salvo/zephyr-sdk-0.17.4/arm-zephyr-eabi/bin/../lib/gcc/arm-zephyr-eabi/12.2.0/thumb/v7e-m/nofp\libgcc.a(_divsi3.o)
                0x00000000080002fc                __divsi3
                0x00000000080002fc                __aeabi_idiv
                0x0000000008000318                __aeabi_idivmod
 .text          0x0000000008000328       0x18 c:/users/salvo/zephyr-sdk-0.17.4/arm-zephyr-eabi/bin/../lib/gcc/arm-zephyr-eabi/12.2.0/thumb/v7e-m/nofp\libgcc.a(_umodsi3.o)
                0x0000000008000328                __umodsi3
 .text          0x0000000008000340       0x20 c:/users/salvo/zephyr-sdk-0.17.4/arm-zephyr-eabi/bin/../lib/gcc/arm-zephyr-eabi/12.2.0/thumb/v7e-m/nofp\libgcc.a(_modsi3.o)
                0x0000000008000340                __modsi3
 .text          0x0000000008000360        0x4 c:/users/salvo/zephyr-sdk-0.17.4/arm-zephyr-eabi/bin/../lib/gcc/arm-zephyr-eabi/12.2.0/thumb/v7e-m/nofp\libgcc.a(_dvmd_tls.o)
                0x0000000008000360                __aeabi_idiv0
                0x0000000008000360                __aeabi_ldiv0
 .text          0x0000000008000364       0x18 c:/users/salvo/zephyr-sdk-0.17.4/arm-zephyr-eabi/bin/../lib/gcc/arm-zephyr-eabi/12.2.0/thumb/v7e-m/nofp\libgcc.a(_lshrdi3.o)
                0x0000000008000364                __lshrdi3
                0x0000000008000364                __aeabi_llsr
 .text          0x000000000800037c       0x18 c:/users/salvo/zephyr-sdk-0.17.4/arm-zephyr-eabi/bin/../lib/gcc/arm-zephyr-eabi/12.2.0/thumb/v7e-m/nofp\libgcc.a(_ashldi3.o)
                0x000000000800037c                __aeabi_llsl
                0x000000000800037c                __ashldi3
 .text          0x0000000008000394      0x378 c:/users/salvo/zephyr-sdk-0.17.4/arm-zephyr-eabi/bin/../lib/gcc/arm-zephyr-eabi/12.2.0/thumb/v7e-m/nofp\libgcc.a(_arm_addsubdf3.o)
                0x0000000008000394                __aeabi_drsub
                0x000000000800039c                __aeabi_dsub
                0x000000000800039c                __subdf3
                0x00000000080003a0                __aeabi_dadd
                0x00000000080003a0                __adddf3
                0x0000000008000618                __floatunsidf
                0x0000000008000618                __aeabi_ui2d
                0x0000000008000638                __floatsidf
                0x0000000008000638                __aeabi_i2d
                0x000000000800065c                __aeabi_f2d
                0x000000000800065c                __extendsfdf2
                0x00000000080006a0                __floatundidf
                0x00000000080006a0                __aeabi_ul2d
                0x00000000080006b0                __floatdidf
                0x00000000080006b0                __aeabi_l2d
 .text          0x000000000800070c      0x424 c:/users/salvo/zephyr-sdk-0.17.4/arm-zephyr-eabi/bin/../lib/gcc/arm-zephyr-eabi/12.2.0/thumb/v7e-m/nofp\libgcc.a(_arm_muldivdf3.o)
                0x000000000800070c                __aeabi_dmul
                0x000000000800070c                __muldf3
                0x0000000008000960                __divdf3
                0x0000000008000960                __aeabi_ddiv
 .text          0x0000000008000b30      0x110 c:/users/salvo/zephyr-sdk-0.17.4/arm-zephyr-eabi/bin/../lib/gcc/arm-zephyr-eabi/12.2.0/thumb/v7e-m/nofp\libgcc.a(_arm_cmpdf2.o)
                0x0000000008000b30                __gtdf2
                0x0000000008000b30                __gedf2
                0x0000000008000b38                __ltdf2
                0x0000000008000b38                __ledf2
                0x0000000008000b40                __nedf2
                0x0000000008000b40                __eqdf2
                0x0000000008000b40                __cmpdf2
                0x0000000008000bbc                __aeabi_cdrcmple
                0x0000000008000bcc                __aeabi_cdcmpeq
                0x0000000008000bcc                __aeabi_cdcmple
                0x0000000008000bdc                __aeabi_dcmpeq
                0x0000000008000bf0                __aeabi_dcmplt
                0x0000000008000c04                __aeabi_dcmple
                0x0000000008000c18                __aeabi_dcmpge
                0x0000000008000c2c                __aeabi_dcmpgt
 .text          0x0000000008000c40       0x2c c:/users/salvo/zephyr-sdk-0.17.4/arm-zephyr-eabi/bin/../lib/gcc/arm-zephyr-eabi/12.2.0/thumb/v7e-m/nofp\libgcc.a(_arm_unorddf2.o)
                0x0000000008000c40                __unorddf2
                0x0000000008000c40                __aeabi_dcmpun
 .text          0x0000000008000c6c       0x50 c:/users/salvo/zephyr-sdk-0.17.4/arm-zephyr-eabi/bin/../lib/gcc/arm-zephyr-eabi/12.2.0/thumb/v7e-m/nofp\libgcc.a(_arm_fixdfsi.o)
                0x0000000008000c6c                __aeabi_d2iz
                0x0000000008000c6c                __fixdfsi
 .text          0x0000000008000cbc       0x40 c:/users/salvo/zephyr-sdk-0.17.4/arm-zephyr-eabi/bin/../lib/gcc/arm-zephyr-eabi/12.2.0/thumb/v7e-m/nofp\libgcc.a(_arm_fixunsdfsi.o)
                0x0000000008000cbc                __aeabi_d2uiz
                0x0000000008000cbc                __fixunsdfsi
 .text          0x0000000008000cfc       0xa0 c:/users/salvo/zephyr-sdk-0.17.4/arm-zephyr-eabi/bin/../lib/gcc/arm-zephyr-eabi/12.2.0/thumb/v7e-m/nofp\libgcc.a(_arm_truncdfsf2.o)
                0x0000000008000cfc                __truncdfsf2
                0x0000000008000cfc                __aeabi_d2f
 .text          0x0000000008000d9c      0x21c c:/users/salvo/zephyr-sdk-0.17.4/arm-zephyr-eabi/bin/../lib/gcc/arm-zephyr-eabi/12.2.0/thumb/v7e-m/nofp\libgcc.a(_arm_addsubsf3.o)
                0x0000000008000d9c                __aeabi_frsub
                0x0000000008000da4                __subsf3
                0x0000000008000da4                __aeabi_fsub
                0x0000000008000da8                __aeabi_fadd
                0x0000000008000da8                __addsf3
                0x0000000008000f08                __aeabi_ui2f
                0x0000000008000f08                __floatunsisf
                0x0000000008000f10                __aeabi_i2f
                0x0000000008000f10                __floatsisf
                0x0000000008000f2c                __aeabi_ul2f
                0x0000000008000f2c                __floatundisf
                0x0000000008000f3c                __aeabi_l2f
                0x0000000008000f3c                __floatdisf
 .text          0x0000000008000fb8      0x2a0 c:/users/salvo/zephyr-sdk-0.17.4/arm-zephyr-eabi/bin/../lib/gcc/arm-zephyr-eabi/12.2.0/thumb/v7e-m/nofp\libgcc.a(_arm_muldivsf3.o)
                0x0000000008000fb8                __mulsf3
                0x0000000008000fb8                __aeabi_fmul
                0x0000000008001120                __aeabi_fdiv
                0x0000000008001120                __divsf3
 .text          0x0000000008001258       0xec c:/users/salvo/zephyr-sdk-0.17.4/arm-zephyr-eabi/bin/../lib/gcc/arm-zephyr-eabi/12.2.0/thumb/v7e-m/nofp\libgcc.a(_arm_cmpsf2.o)
                0x0000000008001258                __gesf2
                0x0000000008001258                __gtsf2
                0x0000000008001260                __lesf2
                0x0000000008001260                __ltsf2
                0x0000000008001268                __nesf2
                0x0000000008001268                __eqsf2
                0x0000000008001268                __cmpsf2
                0x00000000080012c8                __aeabi_cfrcmple
                0x00000000080012d0                __aeabi_cfcmpeq
                0x00000000080012d0                __aeabi_cfcmple
                0x00000000080012e0                __aeabi_fcmpeq
                0x00000000080012f4                __aeabi_fcmplt
                0x0000000008001308                __aeabi_fcmple
                0x000000000800131c                __aeabi_fcmpge
                0x0000000008001330                __aeabi_fcmpgt
 .text          0x0000000008001344       0x2c c:/users/salvo/zephyr-sdk-0.17.4/arm-zephyr-eabi/bin/../lib/gcc/arm-zephyr-eabi/12.2.0/thumb/v7e-m/nofp\libgcc.a(_arm_unordsf2.o)
                0x0000000008001344                __unordsf2
                0x0000000008001344                __aeabi_fcmpun
 .text          0x0000000008001370       0x4c c:/users/salvo/zephyr-sdk-0.17.4/arm-zephyr-eabi/bin/../lib/gcc/arm-zephyr-eabi/12.2.0/thumb/v7e-m/nofp\libgcc.a(_arm_fixsfsi.o)
                0x0000000008001370                __aeabi_f2iz
                0x0000000008001370                __fixsfsi
 .text          0x00000000080013bc       0x40 c:/users/salvo/zephyr-sdk-0.17.4/arm-zephyr-eabi/bin/../lib/gcc/arm-zephyr-eabi/12.2.0/thumb/v7e-m/nofp\libgcc.a(_arm_fixunssfsi.o)
                0x00000000080013bc                __fixunssfsi
                0x00000000080013bc                __aeabi_f2uiz
 .text          0x00000000080013fc        0x8 c:/users/salvo/zephyr-sdk-0.17.4/arm-zephyr-eabi/bin/../lib/gcc/arm-zephyr-eabi/12.2.0/thumb/v7e-m/nofp\libgcc.a(_clzsi2.o)
                0x00000000080013fc                __clzsi2
 .text          0x0000000008001404       0xa0 c:/users/salvo/zephyr-sdk-0.17.4/arm-zephyr-eabi/bin/../lib/gcc/arm-zephyr-eabi/12.2.0/thumb/v7e-m/nofp\libgcc.a(_aeabi_ldivmod.o)
                0x0000000008001404                __aeabi_ldivmod
 .text          0x00000000080014a4       0x30 c:/users/salvo/zephyr-sdk-0.17.4/arm-zephyr-eabi/bin/../lib/gcc/arm-zephyr-eabi/12.2.0/thumb/v7e-m/nofp\libgcc.a(_aeabi_uldivmod.o)
                0x00000000080014a4                __aeabi_uldivmod
 .text          0x00000000080014d4       0x40 c:/users/salvo/zephyr-sdk-0.17.4/arm-zephyr-eabi/bin/../lib/gcc/arm-zephyr-eabi/12.2.0/thumb/v7e-m/nofp\libgcc.a(_fixunssfdi.o)
                0x00000000080014d4                __fixunssfdi
                0x00000000080014d4                __aeabi_f2ulz
 .text          0x0000000008001514       0x3c c:/users/salvo/zephyr-sdk-0.17.4/arm-zephyr-eabi/bin/../lib/gcc/arm-zephyr-eabi/12.2.0/thumb/v7e-m/nofp\libgcc.a(_fixunsdfdi.o)
                0x0000000008001514                __fixunsdfdi
                0x0000000008001514                __aeabi_d2ulz
 .text          0x0000000008001550       0x14 c:\users\salvo\zephyr-sdk-0.17.4\arm-zephyr-eabi\bin\../lib/gcc/../../picolibc/arm-zephyr-eabi/lib/thumb/v7e-m/nofp\libc.a(strcmp.S.o)
                0x0000000008001550                strcmp
 .text          0x0000000008001564       0x10 c:\users\salvo\zephyr-sdk-0.17.4\arm-zephyr-eabi\bin\../lib/gcc/../../picolibc/arm-zephyr-eabi/lib/thumb/v7e-m/nofp\libc.a(strcpy.S.o)
                0x0000000008001564                strcpy
 .text          0x0000000008001574       0x10 c:\users\salvo\zephyr-sdk-0.17.4\arm-zephyr-eabi\bin\../lib/gcc/../../picolibc/arm-zephyr-eabi/lib/thumb/v7e-m/nofp\libc.a(strlen.S.o)
                0x0000000008001574                strlen
 .text          0x0000000008001584       0x12 c:/users/salvo/zephyr-sdk-0.17.4/arm-zephyr-eabi/bin/../lib/gcc/arm-zephyr-eabi/12.2.0/thumb/v7e-m/nofp\libgcc.a(_muldi3.o)
                0x0000000008001584                __muldi3
                0x0000000008001584                __aeabi_lmul
 .text          0x0000000008001596       0x26 c:/users/salvo/zephyr-sdk-0.17.4/arm-zephyr-eabi/bin/../lib/gcc/arm-zephyr-eabi/12.2.0/thumb/v7e-m/nofp\libgcc.a(_fixsfdi.o)
                0x0000000008001596                __fixsfdi
                0x0000000008001596                __aeabi_f2lz
 .text          0x00000000080015bc       0x2e c:/users/salvo/zephyr-sdk-0.17.4/arm-zephyr-eabi/bin/../lib/gcc/arm-zephyr-eabi/12.2.0/thumb/v7e-m/nofp\libgcc.a(_fixdfdi.o)
                0x00000000080015bc                __fixdfdi
                0x00000000080015bc                __aeabi_d2lz
 .text          0x00000000080015ea      0x254 c:/users/salvo/zephyr-sdk-0.17.4/arm-zephyr-eabi/bin/../lib/gcc/arm-zephyr-eabi/12.2.0/thumb/v7e-m/nofp\libgcc.a(_divdi3.o)
                0x00000000080015ea                __divdi3
 .text          0x000000000800183e      0x206 c:/users/salvo/zephyr-sdk-0.17.4/arm-zephyr-eabi/bin/../lib/gcc/arm-zephyr-eabi/12.2.0/thumb/v7e-m/nofp\libgcc.a(_moddi3.o)
                0x000000000800183e                __moddi3
 .text          0x0000000008001a44      0x21e c:/users/salvo/zephyr-sdk-0.17.4/arm-zephyr-eabi/bin/../lib/gcc/arm-zephyr-eabi/12.2.0/thumb/v7e-m/nofp\libgcc.a(_udivdi3.o)
                0x0000000008001a44                __udivdi3
 .text          0x0000000008001c62      0x1ec c:/users/salvo/zephyr-sdk-0.17.4/arm-zephyr-eabi/bin/../lib/gcc/arm-zephyr-eabi/12.2.0/thumb/v7e-m/nofp\libgcc.a(_umoddi3.o)
                0x0000000008001c62                __umoddi3
 .text          0x0000000008001e4e      0x2a0 c:/users/salvo/zephyr-sdk-0.17.4/arm-zephyr-eabi/bin/../lib/gcc/arm-zephyr-eabi/12.2.0/thumb/v7e-m/nofp\libgcc.a(_udivmoddi4.o)
                0x0000000008001e4e                __udivmoddi4
 *(SORT_BY_ALIGNMENT(.text.*))
 *fill*         0x00000000080020ee        0x2 
 .text._stdout_hook_iwasm
                0x00000000080020f0       0x14 app/libapp.a(zephyr_platform.c.obj)
 .text.bh_platform_init
                0x0000000008002104       0x40 app/libapp.a(zephyr_platform.c.obj)
                0x0000000008002104                bh_platform_init
 .text.os_mmap  0x0000000008002144       0x34 app/libapp.a(zephyr_platform.c.obj)
                0x0000000008002144                os_mmap
 .text.os_munmap
                0x0000000008002178       0x10 app/libapp.a(zephyr_platform.c.obj)
                0x0000000008002178                os_munmap
 .text.os_thread_sys_init
                0x0000000008002188       0x5c app/libapp.a(zephyr_thread.c.obj)
                0x0000000008002188                os_thread_sys_init
 .text.os_thread_sys_destroy
                0x00000000080021e4       0x10 app/libapp.a(zephyr_thread.c.obj)
                0x00000000080021e4                os_thread_sys_destroy
 .text.os_self_thread
                0x00000000080021f4       0x14 app/libapp.a(zephyr_thread.c.obj)
                0x00000000080021f4                os_self_thread
 .text.os_thread_get_stack_boundary
                0x0000000008002208       0x14 app/libapp.a(zephyr_thread.c.obj)
                0x0000000008002208                os_thread_get_stack_boundary
 .text.unlink_hmu
                0x000000000800221c       0x84 app/libapp.a(ems_alloc.c.obj)
 .text.gci_add_fc
                0x00000000080022a0       0x88 app/libapp.a(ems_alloc.c.obj)
                0x00000000080022a0                gci_add_fc
 .text.gc_alloc_vo
                0x0000000008002328       0x78 app/libapp.a(ems_alloc.c.obj)
                0x0000000008002328                gc_alloc_vo
 .text.gc_free_vo
                0x00000000080023a0       0xfc app/libapp.a(ems_alloc.c.obj)
                0x00000000080023a0                gc_free_vo
 .text.gc_realloc_vo
                0x000000000800249c      0x14c app/libapp.a(ems_alloc.c.obj)
                0x000000000800249c                gc_realloc_vo
 .text.gc_init_internal
                0x00000000080025e8       0xa0 app/libapp.a(ems_kfc.c.obj)
 .text.gc_init_with_pool
                0x0000000008002688       0x48 app/libapp.a(ems_kfc.c.obj)
                0x0000000008002688                gc_init_with_pool
 .text.gc_init_with_struct_and_pool
                0x00000000080026d0       0x70 app/libapp.a(ems_kfc.c.obj)
                0x00000000080026d0                gc_init_with_struct_and_pool
 .text.gc_migrate
                0x0000000008002740       0xe4 app/libapp.a(ems_kfc.c.obj)
                0x0000000008002740                gc_migrate
 .text.bh_hash_map_create
                0x0000000008002824       0xac app/libapp.a(bh_hashmap.c.obj)
                0x0000000008002824                bh_hash_map_create
 .text.bh_hash_map_insert
                0x00000000080028d0       0xa0 app/libapp.a(bh_hashmap.c.obj)
                0x00000000080028d0                bh_hash_map_insert
 .text.bh_hash_map_find
                0x0000000008002970       0x68 app/libapp.a(bh_hashmap.c.obj)
                0x0000000008002970                bh_hash_map_find
 .text.bh_hash_map_destroy
                0x00000000080029d8       0x74 app/libapp.a(bh_hashmap.c.obj)
                0x00000000080029d8                bh_hash_map_destroy
 .text.bh_log_set_verbose_level
                0x0000000008002a4c        0xc app/libapp.a(bh_log.c.obj)
                0x0000000008002a4c                bh_log_set_verbose_level
 .text.bh_log   0x0000000008002a58       0xc4 app/libapp.a(bh_log.c.obj)
                0x0000000008002a58                bh_log
 .text.bh_vector_destroy
                0x0000000008002b1c       0x40 app/libapp.a(bh_vector.c.obj)
                0x0000000008002b1c                bh_vector_destroy
 .text.__cxa_throw_wrapper
                0x0000000008002b5c       0x24 app/libapp.a(libc_builtin_wrapper.c.obj)
 .text.nullFunc_X_wrapper
                0x0000000008002b80       0x28 app/libapp.a(libc_builtin_wrapper.c.obj)
 .text.abortStackOverflow_wrapper
                0x0000000008002ba8       0x28 app/libapp.a(libc_builtin_wrapper.c.obj)
 .text.abort_wrapper
                0x0000000008002bd0       0x28 app/libapp.a(libc_builtin_wrapper.c.obj)
 .text.exit_wrapper
                0x0000000008002bf8       0x28 app/libapp.a(libc_builtin_wrapper.c.obj)
 .text.putchar_wrapper
                0x0000000008002c20       0x10 app/libapp.a(libc_builtin_wrapper.c.obj)
 .text.puts_wrapper
                0x0000000008002c30        0xc app/libapp.a(libc_builtin_wrapper.c.obj)
 .text.printf_out
                0x0000000008002c3c       0x1c app/libapp.a(libc_builtin_wrapper.c.obj)
 .text._vprintf_wa
                0x0000000008002c58      0x3d8 app/libapp.a(libc_builtin_wrapper.c.obj)
 .text.snprintf_wrapper
                0x0000000008003030       0x54 app/libapp.a(libc_builtin_wrapper.c.obj)
 .text.sprintf_wrapper
                0x0000000008003084       0x74 app/libapp.a(libc_builtin_wrapper.c.obj)
 .text.printf_wrapper
                0x00000000080030f8       0x44 app/libapp.a(libc_builtin_wrapper.c.obj)
 .text.clock_gettime_wrapper
                0x000000000800313c       0x3c app/libapp.a(libc_builtin_wrapper.c.obj)
 .text.get_libc_builtin_export_apis
                0x0000000008003178        0xc app/libapp.a(libc_builtin_wrapper.c.obj)
                0x0000000008003178                get_libc_builtin_export_apis
 .text.wasm_native_lookup_libc_builtin_global
                0x0000000008003184       0x60 app/libapp.a(libc_builtin_wrapper.c.obj)
                0x0000000008003184                wasm_native_lookup_libc_builtin_global
 .text.wasm_loader_set_error_buf
                0x00000000080031e4       0x28 app/libapp.a(wasm_loader_common.c.obj)
                0x00000000080031e4                wasm_loader_set_error_buf
 .text.wasm_memory_check_flags
                0x000000000800320c       0x5c app/libapp.a(wasm_loader_common.c.obj)
                0x000000000800320c                wasm_memory_check_flags
 .text.wasm_table_check_flags
                0x0000000008003268       0x4c app/libapp.a(wasm_loader_common.c.obj)
                0x0000000008003268                wasm_table_check_flags
 .text.is_indices_overflow
                0x00000000080032b4       0x28 app/libapp.a(wasm_loader_common.c.obj)
                0x00000000080032b4                is_indices_overflow
 .text.read_leb
                0x00000000080032dc       0x5c app/libapp.a(wasm_loader_common.c.obj)
                0x00000000080032dc                read_leb
 .text.wasm_mremap_linear_memory
                0x0000000008003338       0x5c app/libapp.a(wasm_memory.c.obj)
 .text.wasm_runtime_memory_init
                0x0000000008003394       0xa4 app/libapp.a(wasm_memory.c.obj)
                0x0000000008003394                wasm_runtime_memory_init
 .text.wasm_runtime_memory_destroy
                0x0000000008003438       0x20 app/libapp.a(wasm_memory.c.obj)
                0x0000000008003438                wasm_runtime_memory_destroy
 .text.wasm_runtime_malloc
                0x0000000008003458       0x64 app/libapp.a(wasm_memory.c.obj)
                0x0000000008003458                wasm_runtime_malloc
 .text.wasm_runtime_realloc
                0x00000000080034bc       0x58 app/libapp.a(wasm_memory.c.obj)
                0x00000000080034bc                wasm_runtime_realloc
 .text.wasm_runtime_free
                0x0000000008003514       0x48 app/libapp.a(wasm_memory.c.obj)
                0x0000000008003514                wasm_runtime_free
 .text.wasm_runtime_validate_app_addr
                0x000000000800355c       0x4c app/libapp.a(wasm_memory.c.obj)
                0x000000000800355c                wasm_runtime_validate_app_addr
 .text.wasm_runtime_validate_native_addr
                0x00000000080035a8       0x44 app/libapp.a(wasm_memory.c.obj)
                0x00000000080035a8                wasm_runtime_validate_native_addr
 .text.wasm_runtime_validate_app_str_addr
                0x00000000080035ec       0x74 app/libapp.a(wasm_memory.c.obj)
                0x00000000080035ec                wasm_runtime_validate_app_str_addr
 .text.wasm_check_app_addr_and_convert
                0x0000000008003660       0x68 app/libapp.a(wasm_memory.c.obj)
                0x0000000008003660                wasm_check_app_addr_and_convert
 .text.wasm_enlarge_memory_internal
                0x00000000080036c8      0x110 app/libapp.a(wasm_memory.c.obj)
 .text.register_natives
                0x00000000080037d8       0x3c app/libapp.a(wasm_native.c.obj)
 .text.wasm_native_resolve_symbol
                0x0000000008003814      0x1e0 app/libapp.a(wasm_native.c.obj)
                0x0000000008003814                wasm_native_resolve_symbol
 .text.wasm_native_destroy
                0x00000000080039f4       0x1c app/libapp.a(wasm_native.c.obj)
                0x00000000080039f4                wasm_native_destroy
 .text.wasm_native_init
                0x0000000008003a10       0x3c app/libapp.a(wasm_native.c.obj)
                0x0000000008003a10                wasm_native_init
 .text.wasm_native_lookup_quick_aot_entry
                0x0000000008003a4c       0xa4 app/libapp.a(wasm_native.c.obj)
                0x0000000008003a4c                wasm_native_lookup_quick_aot_entry
 .text.wasm_set_exception_local
                0x0000000008003af0       0x18 app/libapp.a(wasm_runtime_common.c.obj)
 .text.set_error_buf
                0x0000000008003b08       0x10 app/libapp.a(wasm_runtime_common.c.obj)
 .text.runtime_malloc.constprop.0
                0x0000000008003b18       0x2c app/libapp.a(wasm_runtime_common.c.obj)
 .text.wasm_runtime_destroy
                0x0000000008003b44       0x24 app/libapp.a(wasm_runtime_common.c.obj)
                0x0000000008003b44                wasm_runtime_destroy
 .text.wasm_runtime_get_default_running_mode
                0x0000000008003b68        0xc app/libapp.a(wasm_runtime_common.c.obj)
                0x0000000008003b68                wasm_runtime_get_default_running_mode
 .text.wasm_runtime_set_default_running_mode
                0x0000000008003b74       0x14 app/libapp.a(wasm_runtime_common.c.obj)
                0x0000000008003b74                wasm_runtime_set_default_running_mode
 .text.wasm_runtime_full_init
                0x0000000008003b88       0x6c app/libapp.a(wasm_runtime_common.c.obj)
                0x0000000008003b88                wasm_runtime_full_init
 .text.wasm_runtime_is_built_in_module
                0x0000000008003bf4       0x3c app/libapp.a(wasm_runtime_common.c.obj)
                0x0000000008003bf4                wasm_runtime_is_built_in_module
 .text.wasm_runtime_load_ex
                0x0000000008003c30       0x6c app/libapp.a(wasm_runtime_common.c.obj)
                0x0000000008003c30                wasm_runtime_load_ex
 .text.wasm_runtime_load
                0x0000000008003c9c       0x1c app/libapp.a(wasm_runtime_common.c.obj)
                0x0000000008003c9c                wasm_runtime_load
 .text.wasm_runtime_get_max_mem
                0x0000000008003cb8       0x38 app/libapp.a(wasm_runtime_common.c.obj)
                0x0000000008003cb8                wasm_runtime_get_max_mem
 .text.wasm_runtime_instantiate_internal
                0x0000000008003cf0       0x30 app/libapp.a(wasm_runtime_common.c.obj)
                0x0000000008003cf0                wasm_runtime_instantiate_internal
 .text.wasm_runtime_call_wasm
                0x0000000008003d20       0x58 app/libapp.a(wasm_runtime_common.c.obj)
                0x0000000008003d20                wasm_runtime_call_wasm
 .text.wasm_set_exception_with_id
                0x0000000008003d78       0x18 app/libapp.a(wasm_runtime_common.c.obj)
                0x0000000008003d78                wasm_set_exception_with_id
 .text.wasm_runtime_invoke_native
                0x0000000008003d90      0x1dc app/libapp.a(wasm_runtime_common.c.obj)
                0x0000000008003d90                wasm_runtime_invoke_native
 .text.wasm_runtime_invoke_c_api_native
                0x0000000008003f6c      0x214 app/libapp.a(wasm_runtime_common.c.obj)
                0x0000000008003f6c                wasm_runtime_invoke_c_api_native
 .text.wasm_runtime_quick_invoke_c_api_native
                0x0000000008004180       0x94 app/libapp.a(wasm_runtime_common.c.obj)
                0x0000000008004180                wasm_runtime_quick_invoke_c_api_native
 .text.wasm_runtime_show_app_heap_corrupted_prompt
                0x0000000008004214       0x10 app/libapp.a(wasm_runtime_common.c.obj)
                0x0000000008004214                wasm_runtime_show_app_heap_corrupted_prompt
 .text.wasm_runtime_detect_native_stack_overflow
                0x0000000008004224       0x28 app/libapp.a(wasm_runtime_common.c.obj)
                0x0000000008004224                wasm_runtime_detect_native_stack_overflow
 .text.trunc_f32_to_int
                0x000000000800424c      0x110 app/libapp.a(wasm_interp_classic.c.obj)
 .text.trunc_f64_to_int
                0x000000000800435c      0x148 app/libapp.a(wasm_interp_classic.c.obj)
 .text.ALLOC_FRAME
                0x00000000080044a4       0x2c app/libapp.a(wasm_interp_classic.c.obj)
 .text.wasm_interp_call_func_native
                0x00000000080044d0      0x138 app/libapp.a(wasm_interp_classic.c.obj)
 .text.wasm_interp_call_func_bytecode
                0x0000000008004608     0x2e50 app/libapp.a(wasm_interp_classic.c.obj)
 .text.wasm_interp_call_wasm
                0x0000000008007458       0xf0 app/libapp.a(wasm_interp_classic.c.obj)
                0x0000000008007458                wasm_interp_call_wasm
 .text.loader_malloc
                0x0000000008007548       0x44 app/libapp.a(wasm_loader.c.obj)
 .text.check_buf
                0x000000000800758c       0x24 app/libapp.a(wasm_loader.c.obj)
 .text.set_error_buf_v
                0x00000000080075b0       0x34 app/libapp.a(wasm_loader.c.obj)
 .text.load_memory
                0x00000000080075e4      0x10c app/libapp.a(wasm_loader.c.obj)
 .text.load_export_section
                0x00000000080076f0      0x21c app/libapp.a(wasm_loader.c.obj)
 .text.wasm_loader_push_frame_csp
                0x000000000800790c       0xa4 app/libapp.a(wasm_loader.c.obj)
 .text.load_type_section
                0x00000000080079b0      0x2d8 app/libapp.a(wasm_loader.c.obj)
 .text.wasm_loader_push_frame_ref
                0x0000000008007c88       0x84 app/libapp.a(wasm_loader.c.obj)
 .text.check_stack_top_values.constprop.0
                0x0000000008007d0c       0xa8 app/libapp.a(wasm_loader.c.obj)
 .text.check_branch_block
                0x0000000008007db4      0x1b8 app/libapp.a(wasm_loader.c.obj)
 .text.check_block_stack
                0x0000000008007f6c       0xd8 app/libapp.a(wasm_loader.c.obj)
 .text.load_init_expr.constprop.0
                0x0000000008008044      0x234 app/libapp.a(wasm_loader.c.obj)
 .text.load_data_segment_section
                0x0000000008008278      0x1d8 app/libapp.a(wasm_loader.c.obj)
 .text.load_table_segment_section
                0x0000000008008450      0x1d8 app/libapp.a(wasm_loader.c.obj)
 .text.load_global_section
                0x0000000008008628      0x108 app/libapp.a(wasm_loader.c.obj)
 .text.load_function_section
                0x0000000008008730      0x33c app/libapp.a(wasm_loader.c.obj)
 .text.load_import_section
                0x0000000008008a6c      0x748 app/libapp.a(wasm_loader.c.obj)
 .text.load_from_sections
                0x00000000080091b4     0x22b0 app/libapp.a(wasm_loader.c.obj)
 .text.wasm_loader_load
                0x000000000800b464      0x19c app/libapp.a(wasm_loader.c.obj)
                0x000000000800b464                wasm_loader_load
 .text.wasm_loader_find_block_addr
                0x000000000800b600      0x498 app/libapp.a(wasm_loader.c.obj)
                0x000000000800b600                wasm_loader_find_block_addr
 .text.set_error_buf_v
                0x000000000800ba98       0x34 app/libapp.a(wasm_runtime.c.obj)
 .text.set_error_buf
                0x000000000800bacc       0x10 app/libapp.a(wasm_runtime.c.obj)
 .text.runtime_malloc
                0x000000000800badc       0x44 app/libapp.a(wasm_runtime.c.obj)
 .text.get_init_value_recursive
                0x000000000800bb20       0x68 app/libapp.a(wasm_runtime.c.obj)
 .text.memory_instantiate.constprop.0
                0x000000000800bb88      0x270 app/libapp.a(wasm_runtime.c.obj)
 .text.wasm_lookup_function
                0x000000000800bdf8       0x30 app/libapp.a(wasm_runtime.c.obj)
                0x000000000800bdf8                wasm_lookup_function
 .text.wasm_instantiate
                0x000000000800be28      0xa6c app/libapp.a(wasm_runtime.c.obj)
                0x000000000800be28                wasm_instantiate
 .text.wasm_module_malloc_internal
                0x000000000800c894      0x118 app/libapp.a(wasm_runtime.c.obj)
                0x000000000800c894                wasm_module_malloc_internal
 .text.wasm_module_realloc_internal
                0x000000000800c9ac       0x6c app/libapp.a(wasm_runtime.c.obj)
                0x000000000800c9ac                wasm_module_realloc_internal
 .text.wasm_module_free_internal
                0x000000000800ca18       0x9c app/libapp.a(wasm_runtime.c.obj)
                0x000000000800ca18                wasm_module_free_internal
 .text.wasm_check_utf8_str
                0x000000000800cab4       0xcc app/libapp.a(wasm_runtime.c.obj)
                0x000000000800cab4                wasm_check_utf8_str
 .text.wasm_const_str_list_insert
                0x000000000800cb80       0xb4 app/libapp.a(wasm_runtime.c.obj)
                0x000000000800cb80                wasm_const_str_list_insert
 .text.aot_intrinsic_fmin_f32
                0x000000000800cc34       0x40 app/libapp.a(aot_intrinsic.c.obj)
                0x000000000800cc34                aot_intrinsic_fmin_f32
 .text.aot_intrinsic_fmin_f64
                0x000000000800cc74       0x58 app/libapp.a(aot_intrinsic.c.obj)
                0x000000000800cc74                aot_intrinsic_fmin_f64
 .text.aot_intrinsic_fmax_f32
                0x000000000800cccc       0x40 app/libapp.a(aot_intrinsic.c.obj)
                0x000000000800cccc                aot_intrinsic_fmax_f32
 .text.aot_intrinsic_fmax_f64
                0x000000000800cd0c       0x58 app/libapp.a(aot_intrinsic.c.obj)
                0x000000000800cd0c                aot_intrinsic_fmax_f64
 .text.is_text_section
                0x000000000800cd64       0x28 app/libapp.a(aot_loader.c.obj)
 .text.set_error_buf_v
                0x000000000800cd8c       0x34 app/libapp.a(aot_loader.c.obj)
 .text.set_error_buf
                0x000000000800cdc0       0x10 app/libapp.a(aot_loader.c.obj)
 .text.loader_malloc
                0x000000000800cdd0       0x44 app/libapp.a(aot_loader.c.obj)
 .text.check_buf
                0x000000000800ce14       0x24 app/libapp.a(aot_loader.c.obj)
 .text.load_string
                0x000000000800ce38       0x88 app/libapp.a(aot_loader.c.obj)
 .text.loader_mmap
                0x000000000800cec0       0x34 app/libapp.a(aot_loader.c.obj)
 .text.load_native_symbol_section
                0x000000000800cef4      0x1e4 app/libapp.a(aot_loader.c.obj)
 .text.load_init_expr.constprop.0
                0x000000000800d0d8       0xe4 app/libapp.a(aot_loader.c.obj)
 .text.load_types
                0x000000000800d1bc      0x168 app/libapp.a(aot_loader.c.obj)
 .text.load_from_sections
                0x000000000800d324     0x18e0 app/libapp.a(aot_loader.c.obj)
 .text.aot_load_from_aot_file
                0x000000000800ec04      0x310 app/libapp.a(aot_loader.c.obj)
                0x000000000800ec04                aot_load_from_aot_file
 .text.set_error_buf_v
                0x000000000800ef14       0x34 app/libapp.a(aot_runtime.c.obj)
 .text.set_error_buf
                0x000000000800ef48       0x10 app/libapp.a(aot_runtime.c.obj)
 .text.runtime_malloc
                0x000000000800ef58       0x44 app/libapp.a(aot_runtime.c.obj)
 .text.check_global_init_expr
                0x000000000800ef9c       0x50 app/libapp.a(aot_runtime.c.obj)
 .text.aot_lookup_function
                0x000000000800efec       0x38 app/libapp.a(aot_runtime.c.obj)
                0x000000000800efec                aot_lookup_function
 .text.aot_call_function
                0x000000000800f024      0x1a4 app/libapp.a(aot_runtime.c.obj)
                0x000000000800f024                aot_call_function
 .text.aot_instantiate
                0x000000000800f1c8      0xa58 app/libapp.a(aot_runtime.c.obj)
                0x000000000800f1c8                aot_instantiate
 .text.aot_module_malloc_internal
                0x000000000800fc20      0x140 app/libapp.a(aot_runtime.c.obj)
                0x000000000800fc20                aot_module_malloc_internal
 .text.aot_module_realloc_internal
                0x000000000800fd60       0x60 app/libapp.a(aot_runtime.c.obj)
                0x000000000800fd60                aot_module_realloc_internal
 .text.aot_module_free_internal
                0x000000000800fdc0       0xd8 app/libapp.a(aot_runtime.c.obj)
                0x000000000800fdc0                aot_module_free_internal
 .text.aot_invoke_native
                0x000000000800fe98       0xb0 app/libapp.a(aot_runtime.c.obj)
                0x000000000800fe98                aot_invoke_native
 .text.aot_call_indirect
                0x000000000800ff48      0x1e0 app/libapp.a(aot_runtime.c.obj)
                0x000000000800ff48                aot_call_indirect
 .text.aot_memory_init
                0x0000000008010128       0xac app/libapp.a(aot_runtime.c.obj)
                0x0000000008010128                aot_memory_init
 .text.aot_const_str_set_insert
                0x00000000080101d4       0xac app/libapp.a(aot_runtime.c.obj)
                0x00000000080101d4                aot_const_str_set_insert
 .text.set_error_buf
                0x0000000008010280       0x10 app/libapp.a(aot_reloc_thumb.c.obj)
 .text.get_target_symbol_map
                0x0000000008010290        0xc app/libapp.a(aot_reloc_thumb.c.obj)
                0x0000000008010290                get_target_symbol_map
 .text.get_current_target
                0x000000000801029c       0x38 app/libapp.a(aot_reloc_thumb.c.obj)
                0x000000000801029c                get_current_target
 .text.init_plt_table
                0x00000000080102d4       0x64 app/libapp.a(aot_reloc_thumb.c.obj)
                0x00000000080102d4                init_plt_table
 .text.apply_relocation
                0x0000000008010338      0x1b4 app/libapp.a(aot_reloc_thumb.c.obj)
                0x0000000008010338                apply_relocation
 .text.should_stop_native
                0x00000000080104ec        0xc app/libapp.a(main.c.obj)
 .text.copy_param_value
                0x00000000080104f8       0x3c app/libapp.a(main.c.obj)
 .text.agent_write_str
                0x0000000008010534       0x2c app/libapp.a(main.c.obj)
 .text.serial_cb
                0x0000000008010560       0xe4 app/libapp.a(main.c.obj)
 .text.gpio_toggle_native
                0x0000000008010644       0x30 app/libapp.a(main.c.obj)
 .text.runner_thread_entry.part.0
                0x0000000008010674      0x144 app/libapp.a(main.c.obj)
 .text.runner_thread_entry
                0x00000000080107b8       0x1c app/libapp.a(main.c.obj)
 .text.comm_thread_entry.part.0
                0x00000000080107d4      0x5c0 app/libapp.a(main.c.obj)
 .text.comm_thread_entry
                0x0000000008010d94       0x54 app/libapp.a(main.c.obj)
 .text.iwasm_init
                0x0000000008010de8       0x70 app/libapp.a(main.c.obj)
                0x0000000008010de8                iwasm_init
 .text.char_out
                0x0000000008010e58        0xc zephyr/libzephyr.a(printk.c.obj)
 .text.__printk_hook_install
                0x0000000008010e64        0xc zephyr/libzephyr.a(printk.c.obj)
                0x0000000008010e64                __printk_hook_install
 .text.vprintk  0x0000000008010e70       0x30 zephyr/libzephyr.a(printk.c.obj)
                0x0000000008010e70                vprintk
 .text.z_thread_entry
                0x0000000008010ea0       0x34 zephyr/libzephyr.a(thread_entry.c.obj)
                0x0000000008010ea0                z_thread_entry
 .text.st_stm32_common_config
                0x0000000008010ed4       0x14 zephyr/libzephyr.a(soc_config.c.obj)
 .text.stm32_backup_sram_init
                0x0000000008010ee8       0x4c zephyr/libzephyr.a(stm32_backup_sram.c.obj)
 .text.stm32_backup_domain_enable_access
                0x0000000008010f34       0x3c zephyr/libzephyr.a(stm32_backup_domain.c.obj)
                0x0000000008010f34                stm32_backup_domain_enable_access
 .text.soc_early_init_hook
                0x0000000008010f70       0x30 zephyr/libzephyr.a(soc.c.obj)
                0x0000000008010f70                soc_early_init_hook
 .text.mem_attr_get_regions
                0x0000000008010fa0        0xc zephyr/libzephyr.a(mem_attr.c.obj)
                0x0000000008010fa0                mem_attr_get_regions
 .text.arch_bss_zero
                0x0000000008010fac       0x18 zephyr/arch/common/libarch__common.a(init.c.obj)
                0x0000000008010fac                arch_bss_zero
 .text.arch_data_copy
                0x0000000008010fc4       0x38 zephyr/arch/common/libarch__common.a(xip.c.obj)
                0x0000000008010fc4                arch_data_copy
 .text.z_arm_fatal_error
                0x0000000008010ffc       0x60 zephyr/arch/arch/arm/core/libarch__arm__core.a(fatal.c.obj)
                0x0000000008010ffc                z_arm_fatal_error
 .text.z_SysNmiOnReset
                0x000000000801105c        0x8 zephyr/arch/arch/arm/core/libarch__arm__core.a(nmi_on_reset.S.obj)
                0x000000000801105c                z_SysNmiOnReset
 .text.arch_tls_stack_setup
                0x0000000008011064       0x40 zephyr/arch/arch/arm/core/libarch__arm__core.a(tls.c.obj)
                0x0000000008011064                arch_tls_stack_setup
 .text._HandlerModeExit
                0x00000000080110a4       0x20 zephyr/arch/arch/arm/core/cortex_m/libarch__arm__core__cortex_m.a(exc_exit.c.obj)
                0x00000000080110a4                z_arm_int_exit
                0x00000000080110a4                z_arm_exc_exit
 .text.mem_manage_fault
                0x00000000080110c4       0xf0 zephyr/arch/arch/arm/core/cortex_m/libarch__arm__core__cortex_m.a(fault.c.obj)
 .text.usage_fault.constprop.0
                0x00000000080111b4       0x98 zephyr/arch/arch/arm/core/cortex_m/libarch__arm__core__cortex_m.a(fault.c.obj)
 .text.bus_fault.constprop.0
                0x000000000801124c       0xb8 zephyr/arch/arch/arm/core/cortex_m/libarch__arm__core__cortex_m.a(fault.c.obj)
 .text.z_arm_fault
                0x0000000008011304      0x1a0 zephyr/arch/arch/arm/core/cortex_m/libarch__arm__core__cortex_m.a(fault.c.obj)
                0x0000000008011304                z_arm_fault
 .text.z_arm_fault_init
                0x00000000080114a4       0x18 zephyr/arch/arch/arm/core/cortex_m/libarch__arm__core__cortex_m.a(fault.c.obj)
                0x00000000080114a4                z_arm_fault_init
 .text.__fault  0x00000000080114bc       0x14 zephyr/arch/arch/arm/core/cortex_m/libarch__arm__core__cortex_m.a(fault_s.S.obj)
                0x00000000080114bc                z_arm_usage_fault
                0x00000000080114bc                z_arm_mpu_fault
                0x00000000080114bc                z_arm_exc_spurious
                0x00000000080114bc                z_arm_debug_monitor
                0x00000000080114bc                z_arm_hard_fault
                0x00000000080114bc                z_arm_bus_fault
 .text._reset_section
                0x00000000080114d0       0x34 zephyr/arch/arch/arm/core/cortex_m/libarch__arm__core__cortex_m.a(reset.S.obj)
                0x00000000080114d0                __start
                0x00000000080114d0                z_arm_reset
 .text.z_impl_k_thread_abort
                0x0000000008011504       0x2c zephyr/arch/arch/arm/core/cortex_m/libarch__arm__core__cortex_m.a(thread_abort.c.obj)
                0x0000000008011504                z_impl_k_thread_abort
 .text.z_arm_pendsv
                0x0000000008011530       0x60 zephyr/arch/arch/arm/core/cortex_m/libarch__arm__core__cortex_m.a(swap_helper.S.obj)
                0x0000000008011530                z_arm_pendsv
 .text.z_arm_svc
                0x0000000008011590       0x24 zephyr/arch/arch/arm/core/cortex_m/libarch__arm__core__cortex_m.a(swap_helper.S.obj)
                0x0000000008011590                z_arm_svc
 .text.arm_irq_enable
                0x00000000080115b4       0x1c zephyr/arch/arch/arm/core/cortex_m/libarch__arm__core__cortex_m.a(irq_manage.c.obj)
                0x00000000080115b4                arm_irq_enable
 .text.arm_irq_priority_set
                0x00000000080115d0       0x30 zephyr/arch/arch/arm/core/cortex_m/libarch__arm__core__cortex_m.a(irq_manage.c.obj)
                0x00000000080115d0                arm_irq_priority_set
 .text.relocate_vector_table
                0x0000000008011600       0x1c zephyr/arch/arch/arm/core/cortex_m/libarch__arm__core__cortex_m.a(prep_c.c.obj)
                0x0000000008011600                relocate_vector_table
 .text.z_prep_c
                0x000000000801161c       0x38 zephyr/arch/arch/arm/core/cortex_m/libarch__arm__core__cortex_m.a(prep_c.c.obj)
                0x000000000801161c                z_prep_c
 .text.arch_new_thread
                0x0000000008011654       0x38 zephyr/arch/arch/arm/core/cortex_m/libarch__arm__core__cortex_m.a(thread.c.obj)
                0x0000000008011654                arch_new_thread
 .text.z_check_thread_stack_fail
                0x000000000801168c       0x2c zephyr/arch/arch/arm/core/cortex_m/libarch__arm__core__cortex_m.a(thread.c.obj)
                0x000000000801168c                z_check_thread_stack_fail
 .text.arch_switch_to_main_thread
                0x00000000080116b8       0x3c zephyr/arch/arch/arm/core/cortex_m/libarch__arm__core__cortex_m.a(thread.c.obj)
                0x00000000080116b8                arch_switch_to_main_thread
 .text.z_arm_cpu_idle_init
                0x00000000080116f4        0xc zephyr/arch/arch/arm/core/cortex_m/libarch__arm__core__cortex_m.a(cpu_idle.c.obj)
                0x00000000080116f4                z_arm_cpu_idle_init
 .text.z_arm_interrupt_init
                0x0000000008011700       0x18 zephyr/arch/arch/arm/core/cortex_m/libarch__arm__core__cortex_m.a(irq_init.c.obj)
                0x0000000008011700                z_arm_interrupt_init
 .text._isr_wrapper
                0x0000000008011718       0x24 zephyr/arch/arch/arm/core/cortex_m/libarch__arm__core__cortex_m.a(isr_wrapper.c.obj)
                0x0000000008011718                _isr_wrapper
 .text.z_arm_configure_static_mpu_regions
                0x000000000801173c       0x18 zephyr/arch/arch/arm/core/mpu/libarch__arm__core__mpu.a(arm_core_mpu.c.obj)
                0x000000000801173c                z_arm_configure_static_mpu_regions
 .text.z_arm_configure_dynamic_mpu_regions
                0x0000000008011754       0x20 zephyr/arch/arch/arm/core/mpu/libarch__arm__core__mpu.a(arm_core_mpu.c.obj)
                0x0000000008011754                z_arm_configure_dynamic_mpu_regions
 .text.region_init
                0x0000000008011774       0x28 zephyr/arch/arch/arm/core/mpu/libarch__arm__core__mpu.a(arm_mpu.c.obj)
 .text.mpu_configure_regions
                0x000000000801179c       0x6c zephyr/arch/arch/arm/core/mpu/libarch__arm__core__mpu.a(arm_mpu.c.obj)
 .text.arm_core_mpu_enable
                0x0000000008011808       0x18 zephyr/arch/arch/arm/core/mpu/libarch__arm__core__mpu.a(arm_mpu.c.obj)
                0x0000000008011808                arm_core_mpu_enable
 .text.arm_core_mpu_disable
                0x0000000008011820       0x14 zephyr/arch/arch/arm/core/mpu/libarch__arm__core__mpu.a(arm_mpu.c.obj)
                0x0000000008011820                arm_core_mpu_disable
 .text.arm_core_mpu_configure_static_mpu_regions
                0x0000000008011834       0x14 zephyr/arch/arch/arm/core/mpu/libarch__arm__core__mpu.a(arm_mpu.c.obj)
                0x0000000008011834                arm_core_mpu_configure_static_mpu_regions
 .text.arm_core_mpu_configure_dynamic_mpu_regions
                0x0000000008011848       0x38 zephyr/arch/arch/arm/core/mpu/libarch__arm__core__mpu.a(arm_mpu.c.obj)
                0x0000000008011848                arm_core_mpu_configure_dynamic_mpu_regions
 .text.z_arm_mpu_init
                0x0000000008011880      0x168 zephyr/arch/arch/arm/core/mpu/libarch__arm__core__mpu.a(arm_mpu.c.obj)
                0x0000000008011880                z_arm_mpu_init
 .text.z_impl_zephyr_fputc
                0x00000000080119e8       0x10 zephyr/lib/libc/picolibc/liblib__libc__picolibc.a(stdio.c.obj)
                0x00000000080119e8                z_impl_zephyr_fputc
 .text.__stdout_hook_install
                0x00000000080119f8       0x18 zephyr/lib/libc/picolibc/liblib__libc__picolibc.a(stdio.c.obj)
                0x00000000080119f8                __stdout_hook_install
 .text.malloc_prepare
                0x0000000008011a10       0x24 zephyr/lib/libc/common/liblib__libc__common.a(malloc.c.obj)
 .text.malloc_lock
                0x0000000008011a34       0x14 zephyr/lib/libc/common/liblib__libc__common.a(malloc.c.obj)
 .text.malloc_unlock
                0x0000000008011a48        0xc zephyr/lib/libc/common/liblib__libc__common.a(malloc.c.obj)
 .text.malloc   0x0000000008011a54       0x34 zephyr/lib/libc/common/liblib__libc__common.a(malloc.c.obj)
                0x0000000008011a54                malloc
 .text.realloc  0x0000000008011a88       0x38 zephyr/lib/libc/common/liblib__libc__common.a(malloc.c.obj)
                0x0000000008011a88                realloc
 .text.free     0x0000000008011ac0       0x1c zephyr/lib/libc/common/liblib__libc__common.a(malloc.c.obj)
                0x0000000008011ac0                free
 .text.stm32_fill_irq_table
                0x0000000008011adc       0x18 zephyr/drivers/interrupt_controller/libdrivers__interrupt_controller.a(intc_gpio_stm32.c.obj)
 .text.stm32_intc_gpio_isr
                0x0000000008011af4       0x4c zephyr/drivers/interrupt_controller/libdrivers__interrupt_controller.a(intc_gpio_stm32.c.obj)
 .text.stm32_gpio_intc_enable_line
                0x0000000008011b40       0x2c zephyr/drivers/interrupt_controller/libdrivers__interrupt_controller.a(intc_gpio_stm32.c.obj)
                0x0000000008011b40                stm32_gpio_intc_enable_line
 .text.stm32_gpio_intc_disable_line
                0x0000000008011b6c       0x10 zephyr/drivers/interrupt_controller/libdrivers__interrupt_controller.a(intc_gpio_stm32.c.obj)
                0x0000000008011b6c                stm32_gpio_intc_disable_line
 .text.stm32_gpio_intc_select_line_trigger
                0x0000000008011b7c       0x50 zephyr/drivers/interrupt_controller/libdrivers__interrupt_controller.a(intc_gpio_stm32.c.obj)
                0x0000000008011b7c                stm32_gpio_intc_select_line_trigger
 .text.stm32_gpio_intc_set_irq_callback
                0x0000000008011bcc       0x40 zephyr/drivers/interrupt_controller/libdrivers__interrupt_controller.a(intc_gpio_stm32.c.obj)
                0x0000000008011bcc                stm32_gpio_intc_set_irq_callback
 .text.stm32_gpio_intc_remove_irq_callback
                0x0000000008011c0c       0x24 zephyr/drivers/interrupt_controller/libdrivers__interrupt_controller.a(intc_gpio_stm32.c.obj)
                0x0000000008011c0c                stm32_gpio_intc_remove_irq_callback
 .text.stm32_exti_get_line_src_port
                0x0000000008011c30       0x30 zephyr/drivers/interrupt_controller/libdrivers__interrupt_controller.a(intc_gpio_stm32.c.obj)
                0x0000000008011c30                stm32_exti_get_line_src_port
 .text.stm32_exti_init
                0x0000000008011c60       0x3c zephyr/drivers/interrupt_controller/libdrivers__interrupt_controller.a(intc_exti_stm32.c.obj)
 .text.stm32_exti_is_pending
                0x0000000008011c9c       0x20 zephyr/drivers/interrupt_controller/libdrivers__interrupt_controller.a(intc_exti_stm32.c.obj)
                0x0000000008011c9c                stm32_exti_is_pending
 .text.stm32_exti_clear_pending
                0x0000000008011cbc       0x20 zephyr/drivers/interrupt_controller/libdrivers__interrupt_controller.a(intc_exti_stm32.c.obj)
                0x0000000008011cbc                stm32_exti_clear_pending
 .text.stm32_clock_control_get_subsys_rate
                0x0000000008011cdc       0xb0 zephyr/drivers/clock_control/libdrivers__clock_control.a(clock_stm32_ll_common.c.obj)
 .text.stm32_clock_control_init
                0x0000000008011d8c      0x140 zephyr/drivers/clock_control/libdrivers__clock_control.a(clock_stm32_ll_common.c.obj)
                0x0000000008011d8c                stm32_clock_control_init
 .text.get_pllsrc_frequency
                0x0000000008011ecc        0x8 zephyr/drivers/clock_control/libdrivers__clock_control.a(clock_stm32f2_f4_f7.c.obj)
                0x0000000008011ecc                get_pllsrc_frequency
 .text.config_pll_sysclock
                0x0000000008011ed4       0x40 zephyr/drivers/clock_control/libdrivers__clock_control.a(clock_stm32f2_f4_f7.c.obj)
                0x0000000008011ed4                config_pll_sysclock
 .text.config_enable_default_clocks
                0x0000000008011f14       0x20 zephyr/drivers/clock_control/libdrivers__clock_control.a(clock_stm32f2_f4_f7.c.obj)
                0x0000000008011f14                config_enable_default_clocks
 .text.uart_console_init
                0x0000000008011f34       0x28 zephyr/drivers/console/libdrivers__console.a(uart_console.c.obj)
 .text.console_out
                0x0000000008011f5c       0x28 zephyr/drivers/console/libdrivers__console.a(uart_console.c.obj)
 .text.gpio_stm32_pin_interrupt_configure
                0x0000000008011f84       0xb0 zephyr/drivers/gpio/libdrivers__gpio.a(gpio_stm32.c.obj)
 .text.gpio_stm32_init
                0x0000000008012034       0x38 zephyr/drivers/gpio/libdrivers__gpio.a(gpio_stm32.c.obj)
 .text.pinctrl_configure_pins
                0x000000000801206c       0x84 zephyr/drivers/pinctrl/libdrivers__pinctrl.a(pinctrl_stm32.c.obj)
                0x000000000801206c                pinctrl_configure_pins
 .text.uart_stm32_irq_err_enable
                0x00000000080120f0       0x70 zephyr/drivers/serial/libdrivers__serial.a(uart_stm32.c.obj)
 .text.uart_stm32_irq_err_disable
                0x0000000008012160       0x70 zephyr/drivers/serial/libdrivers__serial.a(uart_stm32.c.obj)
 .text.uart_stm32_parameters_set
                0x00000000080121d0      0x100 zephyr/drivers/serial/libdrivers__serial.a(uart_stm32.c.obj)
 .text.uart_stm32_configure
                0x00000000080122d0      0x150 zephyr/drivers/serial/libdrivers__serial.a(uart_stm32.c.obj)
 .text.uart_stm32_init
                0x0000000008012420       0xc8 zephyr/drivers/serial/libdrivers__serial.a(uart_stm32.c.obj)
 .text.elapsed  0x00000000080124e8       0x4c zephyr/drivers/timer/libdrivers__timer.a(cortex_m_systick.c.obj)
 .text.sys_clock_driver_init
                0x0000000008012534       0x38 zephyr/drivers/timer/libdrivers__timer.a(cortex_m_systick.c.obj)
 .text.sys_clock_isr
                0x000000000801256c       0x60 zephyr/drivers/timer/libdrivers__timer.a(cortex_m_systick.c.obj)
                0x000000000801256c                sys_clock_isr
 .text.sys_clock_set_timeout
                0x00000000080125cc       0xf8 zephyr/drivers/timer/libdrivers__timer.a(cortex_m_systick.c.obj)
                0x00000000080125cc                sys_clock_set_timeout
 .text.sys_clock_elapsed
                0x00000000080126c4       0x3c zephyr/drivers/timer/libdrivers__timer.a(cortex_m_systick.c.obj)
                0x00000000080126c4                sys_clock_elapsed
 .text.HAL_RCC_GetSysClockFreq
                0x0000000008012700       0x90 modules/hal_stm32/stm32cube/lib..__modules__hal__stm32__stm32cube.a(stm32f4xx_hal_rcc_ex.c.obj)
                0x0000000008012700                HAL_RCC_GetSysClockFreq
 .text.LL_SetFlashLatency
                0x0000000008012790      0x1bc modules/hal_stm32/stm32cube/lib..__modules__hal__stm32__stm32cube.a(stm32f4xx_ll_utils.c.obj)
                0x0000000008012790                LL_SetFlashLatency
 .text.z_fatal_error
                0x000000000801294c       0x30 zephyr/kernel/libkernel.a(fatal.c.obj)
                0x000000000801294c                z_fatal_error
 .text.z_sys_init_run_level
                0x000000000801297c       0x30 zephyr/kernel/libkernel.a(init.c.obj)
 .text.bg_thread_main
                0x00000000080129ac       0xc0 zephyr/kernel/libkernel.a(init.c.obj)
 .text.z_init_cpu
                0x0000000008012a6c       0x70 zephyr/kernel/libkernel.a(init.c.obj)
                0x0000000008012a6c                z_init_cpu
 .text.z_cstart
                0x0000000008012adc       0xcc zephyr/kernel/libkernel.a(init.c.obj)
                0x0000000008012adc                z_cstart
 .text.put_msg_in_queue
                0x0000000008012ba8       0xd0 zephyr/kernel/libkernel.a(msg_q.c.obj)
 .text.z_impl_k_msgq_get
                0x0000000008012c78       0xc4 zephyr/kernel/libkernel.a(msg_q.c.obj)
                0x0000000008012c78                z_impl_k_msgq_get
 .text.z_impl_k_mutex_lock
                0x0000000008012d3c       0xf0 zephyr/kernel/libkernel.a(mutex.c.obj)
                0x0000000008012d3c                z_impl_k_mutex_lock
 .text.z_impl_k_mutex_unlock
                0x0000000008012e2c       0xa0 zephyr/kernel/libkernel.a(mutex.c.obj)
                0x0000000008012e2c                z_impl_k_mutex_unlock
 .text.z_impl_k_sem_give
                0x0000000008012ecc       0x68 zephyr/kernel/libkernel.a(sem.c.obj)
                0x0000000008012ecc                z_impl_k_sem_give
 .text.z_impl_k_sem_take
                0x0000000008012f34       0x4c zephyr/kernel/libkernel.a(sem.c.obj)
                0x0000000008012f34                z_impl_k_sem_take
 .text.z_impl_k_sem_reset
                0x0000000008012f80       0x74 zephyr/kernel/libkernel.a(sem.c.obj)
                0x0000000008012f80                z_impl_k_sem_reset
 .text.z_setup_new_thread
                0x0000000008012ff4       0x98 zephyr/kernel/libkernel.a(thread.c.obj)
                0x0000000008012ff4                z_setup_new_thread
 .text.z_impl_k_thread_create
                0x000000000801308c       0x58 zephyr/kernel/libkernel.a(thread.c.obj)
                0x000000000801308c                z_impl_k_thread_create
 .text.z_dummy_thread_init
                0x00000000080130e4       0x18 zephyr/kernel/libkernel.a(thread.c.obj)
                0x00000000080130e4                z_dummy_thread_init
 .text.z_swap_irqlock
                0x00000000080130fc       0x30 zephyr/kernel/libkernel.a(sched.c.obj)
 .text.ready_thread
                0x000000000801312c       0x84 zephyr/kernel/libkernel.a(sched.c.obj)
 .text.unready_thread
                0x00000000080131b0       0x54 zephyr/kernel/libkernel.a(sched.c.obj)
 .text.add_thread_timeout
                0x0000000008013204       0x1c zephyr/kernel/libkernel.a(sched.c.obj)
 .text.move_thread_to_end_of_prio_q
                0x0000000008013220       0x90 zephyr/kernel/libkernel.a(sched.c.obj)
                0x0000000008013220                move_thread_to_end_of_prio_q
 .text.z_pend_curr
                0x00000000080132b0       0x44 zephyr/kernel/libkernel.a(sched.c.obj)
                0x00000000080132b0                z_pend_curr
 .text.z_thread_prio_set
                0x00000000080132f4       0xe4 zephyr/kernel/libkernel.a(sched.c.obj)
                0x00000000080132f4                z_thread_prio_set
 .text.z_reschedule
                0x00000000080133d8       0x24 zephyr/kernel/libkernel.a(sched.c.obj)
                0x00000000080133d8                z_reschedule
 .text.z_reschedule_irqlock
                0x00000000080133fc       0x28 zephyr/kernel/libkernel.a(sched.c.obj)
                0x00000000080133fc                z_reschedule_irqlock
 .text.k_sched_lock
                0x0000000008013424       0x28 zephyr/kernel/libkernel.a(sched.c.obj)
                0x0000000008013424                k_sched_lock
 .text.k_sched_unlock
                0x000000000801344c       0x68 zephyr/kernel/libkernel.a(sched.c.obj)
                0x000000000801344c                k_sched_unlock
 .text.z_sched_init
                0x00000000080134b4       0x10 zephyr/kernel/libkernel.a(sched.c.obj)
                0x00000000080134b4                z_sched_init
 .text.z_impl_k_yield
                0x00000000080134c4       0x88 zephyr/kernel/libkernel.a(sched.c.obj)
                0x00000000080134c4                z_impl_k_yield
 .text.z_tick_sleep
                0x000000000801354c       0x78 zephyr/kernel/libkernel.a(sched.c.obj)
 .text.z_impl_k_wakeup
                0x00000000080135c4       0x48 zephyr/kernel/libkernel.a(sched.c.obj)
                0x00000000080135c4                z_impl_k_wakeup
 .text.z_impl_k_sched_current_thread_query
                0x000000000801360c        0xc zephyr/kernel/libkernel.a(sched.c.obj)
                0x000000000801360c                z_impl_k_sched_current_thread_query
 .text.z_thread_abort
                0x0000000008013618      0x140 zephyr/kernel/libkernel.a(sched.c.obj)
                0x0000000008013618                z_thread_abort
 .text.slice_timeout
                0x0000000008013758       0x20 zephyr/kernel/libkernel.a(timeslicing.c.obj)
 .text.thread_is_sliceable
                0x0000000008013778       0x3c zephyr/kernel/libkernel.a(timeslicing.c.obj)
                0x0000000008013778                thread_is_sliceable
 .text.z_reset_time_slice
                0x00000000080137b4       0x50 zephyr/kernel/libkernel.a(timeslicing.c.obj)
                0x00000000080137b4                z_reset_time_slice
 .text.z_time_slice
                0x0000000008013804       0x60 zephyr/kernel/libkernel.a(timeslicing.c.obj)
                0x0000000008013804                z_time_slice
 .text.first    0x0000000008013864       0x10 zephyr/kernel/libkernel.a(timeout.c.obj)
 .text.elapsed  0x0000000008013874       0x14 zephyr/kernel/libkernel.a(timeout.c.obj)
 .text.remove_timeout
                0x0000000008013888       0x38 zephyr/kernel/libkernel.a(timeout.c.obj)
 .text.z_add_timeout
                0x00000000080138c0      0x120 zephyr/kernel/libkernel.a(timeout.c.obj)
                0x00000000080138c0                z_add_timeout
 .text.sys_clock_announce
                0x00000000080139e0       0xc0 zephyr/kernel/libkernel.a(timeout.c.obj)
                0x00000000080139e0                sys_clock_announce
 .text.sys_clock_tick_get
                0x0000000008013aa0       0x30 zephyr/kernel/libkernel.a(timeout.c.obj)
                0x0000000008013aa0                sys_clock_tick_get
 .text.boot_banner
                0x0000000008013ad0        0xc zephyr/kernel/libkernel.a(banner.c.obj)
                0x0000000008013ad0                boot_banner
 .text.statics_init
                0x0000000008013adc       0x24 zephyr/kernel/libkernel.a(kheap.c.obj)
 .text.strtok   0x0000000008013b00       0x1c c:\users\salvo\zephyr-sdk-0.17.4\arm-zephyr-eabi\bin\../lib/gcc/../../picolibc/arm-zephyr-eabi/lib/thumb/v7e-m/nofp\libc.a(libc_string_strtok.c.o)
                0x0000000008013b00                strtok
 .text.snprintf
                0x0000000008013b1c       0x54 c:\users\salvo\zephyr-sdk-0.17.4\arm-zephyr-eabi\bin\../lib/gcc/../../picolibc/arm-zephyr-eabi/lib/thumb/v7e-m/nofp\libc.a(libc_tinystdio_snprintf.c.o)
                0x0000000008013b1c                snprintf
 .text.strtol   0x0000000008013b70       0xec c:\users\salvo\zephyr-sdk-0.17.4\arm-zephyr-eabi\bin\../lib/gcc/../../picolibc/arm-zephyr-eabi/lib/thumb/v7e-m/nofp\libc.a(libc_tinystdio_strtol.c.o)
                0x0000000008013b70                strtol
 .text.strtoul  0x0000000008013c5c       0xcc c:\users\salvo\zephyr-sdk-0.17.4\arm-zephyr-eabi\bin\../lib/gcc/../../picolibc/arm-zephyr-eabi/lib/thumb/v7e-m/nofp\libc.a(libc_tinystdio_strtoul.c.o)
                0x0000000008013c5c                strtoul
 .text.__l_vfprintf
                0x0000000008013d28      0x4b8 c:\users\salvo\zephyr-sdk-0.17.4\arm-zephyr-eabi\bin\../lib/gcc/../../picolibc/arm-zephyr-eabi/lib/thumb/v7e-m/nofp\libc.a(libc_tinystdio_vflprintf.c.o)
                0x0000000008013d28                __l_vfprintf
 .text.vprintf  0x00000000080141e0       0x10 c:\users\salvo\zephyr-sdk-0.17.4\arm-zephyr-eabi\bin\../lib/gcc/../../picolibc/arm-zephyr-eabi/lib/thumb/v7e-m/nofp\libc.a(libc_tinystdio_vprintf.c.o)
                0x00000000080141e0                vprintf
 .text.vsnprintf
                0x00000000080141f0       0x54 c:\users\salvo\zephyr-sdk-0.17.4\arm-zephyr-eabi\bin\../lib/gcc/../../picolibc/arm-zephyr-eabi/lib/thumb/v7e-m/nofp\libc.a(libc_tinystdio_vsnprintf.c.o)
                0x00000000080141f0                vsnprintf
 .text.ceil     0x0000000008014244       0xb0 c:\users\salvo\zephyr-sdk-0.17.4\arm-zephyr-eabi\bin\../lib/gcc/../../picolibc/arm-zephyr-eabi/lib/thumb/v7e-m/nofp\libc.a(libm_machine_arm_s_ceil.c.o)
                0x0000000008014244                ceill
                0x0000000008014244                ceil
 .text.ceilf    0x00000000080142f4       0x60 c:\users\salvo\zephyr-sdk-0.17.4\arm-zephyr-eabi\bin\../lib/gcc/../../picolibc/arm-zephyr-eabi/lib/thumb/v7e-m/nofp\libc.a(libm_machine_arm_sf_ceil.c.o)
                0x00000000080142f4                ceilf
 .text.floorf   0x0000000008014354       0x60 c:\users\salvo\zephyr-sdk-0.17.4\arm-zephyr-eabi\bin\../lib/gcc/../../picolibc/arm-zephyr-eabi/lib/thumb/v7e-m/nofp\libc.a(libm_machine_arm_sf_floor.c.o)
                0x0000000008014354                floorf
 .text.floor    0x00000000080143b4       0xac c:\users\salvo\zephyr-sdk-0.17.4\arm-zephyr-eabi\bin\../lib/gcc/../../picolibc/arm-zephyr-eabi/lib/thumb/v7e-m/nofp\libc.a(libm_machine_arm_s_floor.c.o)
                0x00000000080143b4                floorl
                0x00000000080143b4                floor
 .text.rintf    0x0000000008014460       0x9c c:\users\salvo\zephyr-sdk-0.17.4\arm-zephyr-eabi\bin\../lib/gcc/../../picolibc/arm-zephyr-eabi/lib/thumb/v7e-m/nofp\libc.a(libm_machine_arm_sf_rint.c.o)
                0x0000000008014460                rintf
 .text.sqrt     0x00000000080144fc      0x170 c:\users\salvo\zephyr-sdk-0.17.4\arm-zephyr-eabi\bin\../lib/gcc/../../picolibc/arm-zephyr-eabi/lib/thumb/v7e-m/nofp\libc.a(libm_machine_arm_s_sqrt.c.o)
                0x00000000080144fc                sqrtl
                0x00000000080144fc                sqrt
 .text.truncf   0x000000000801466c       0x34 c:\users\salvo\zephyr-sdk-0.17.4\arm-zephyr-eabi\bin\../lib/gcc/../../picolibc/arm-zephyr-eabi/lib/thumb/v7e-m/nofp\libc.a(libm_machine_arm_sf_trunc.c.o)
                0x000000000801466c                truncf
 .text.rint     0x00000000080146a0      0x114 c:\users\salvo\zephyr-sdk-0.17.4\arm-zephyr-eabi\bin\../lib/gcc/../../picolibc/arm-zephyr-eabi/lib/thumb/v7e-m/nofp\libc.a(libm_machine_arm_s_rint.c.o)
                0x00000000080146a0                rint
                0x00000000080146a0                rintl
 .text.trunc    0x00000000080147b4       0x5c c:\users\salvo\zephyr-sdk-0.17.4\arm-zephyr-eabi\bin\../lib/gcc/../../picolibc/arm-zephyr-eabi/lib/thumb/v7e-m/nofp\libc.a(libm_machine_arm_s_trunc.c.o)
                0x00000000080147b4                trunc
                0x00000000080147b4                truncl
 .text.__math_invalid
                0x0000000008014810       0x10 c:\users\salvo\zephyr-sdk-0.17.4\arm-zephyr-eabi\bin\../lib/gcc/../../picolibc/arm-zephyr-eabi/lib/thumb/v7e-m/nofp\libc.a(libm_common_math_err_invalid.c.o)
                0x0000000008014810                __math_invalid
 .text.__math_invalidf
                0x0000000008014820       0x10 c:\users\salvo\zephyr-sdk-0.17.4\arm-zephyr-eabi\bin\../lib/gcc/../../picolibc/arm-zephyr-eabi/lib/thumb/v7e-m/nofp\libc.a(libm_common_math_errf_invalidf.c.o)
                0x0000000008014820                __math_invalidf
 .text.__issignaling
                0x0000000008014830       0x1c c:\users\salvo\zephyr-sdk-0.17.4\arm-zephyr-eabi\bin\../lib/gcc/../../picolibc/arm-zephyr-eabi/lib/thumb/v7e-m/nofp\libc.a(libm_common_s_issignaling.c.o)
                0x0000000008014830                __issignaling
                0x0000000008014830                __issignalingl
 .text._OffsetAbsSyms
                0x000000000801484c        0x2 zephyr/CMakeFiles/offsets.dir/./arch/arm/core/offsets/offsets.c.obj
                0x000000000801484c                _OffsetAbsSyms
 .text.bh_platform_destroy
                0x000000000801484e        0x4 app/libapp.a(zephyr_platform.c.obj)
                0x000000000801484e                bh_platform_destroy
 .text.os_malloc
                0x0000000008014852        0x4 app/libapp.a(zephyr_platform.c.obj)
                0x0000000008014852                os_malloc
 .text.os_realloc
                0x0000000008014856        0x4 app/libapp.a(zephyr_platform.c.obj)
                0x0000000008014856                os_realloc
 .text.os_free  0x000000000801485a        0x4 app/libapp.a(zephyr_platform.c.obj)
                0x000000000801485a                os_free
 .text.os_printf
                0x000000000801485e       0x1a app/libapp.a(zephyr_platform.c.obj)
                0x000000000801485e                os_printf
 .text.os_vprintf
                0x0000000008014878        0x4 app/libapp.a(zephyr_platform.c.obj)
                0x0000000008014878                os_vprintf
 .text.os_mremap
                0x000000000801487c       0x36 app/libapp.a(zephyr_platform.c.obj)
                0x000000000801487c                os_mremap
 .text.os_mprotect
                0x00000000080148b2        0x4 app/libapp.a(zephyr_platform.c.obj)
                0x00000000080148b2                os_mprotect
 .text.os_dcache_flush
                0x00000000080148b6        0x2 app/libapp.a(zephyr_platform.c.obj)
                0x00000000080148b6                os_dcache_flush
 .text.os_icache_flush
                0x00000000080148b8        0x2 app/libapp.a(zephyr_platform.c.obj)
                0x00000000080148b8                os_icache_flush
 .text.k_mutex_unlock
                0x00000000080148ba        0x4 app/libapp.a(zephyr_thread.c.obj)
 .text.k_mutex_lock.constprop.0
                0x00000000080148be        0x4 app/libapp.a(zephyr_thread.c.obj)
 .text.k_mutex_init.isra.0
                0x00000000080148c2        0x4 app/libapp.a(zephyr_thread.c.obj)
 .text.os_mutex_init
                0x00000000080148c6        0xa app/libapp.a(zephyr_thread.c.obj)
                0x00000000080148c6                os_mutex_init
 .text.os_mutex_destroy
                0x00000000080148d0        0x4 app/libapp.a(zephyr_thread.c.obj)
                0x00000000080148d0                os_mutex_destroy
 .text.os_mutex_lock
                0x00000000080148d4        0xc app/libapp.a(zephyr_thread.c.obj)
                0x00000000080148d4                os_mutex_lock
 .text.os_mutex_unlock
                0x00000000080148e0        0x4 app/libapp.a(zephyr_thread.c.obj)
                0x00000000080148e0                os_mutex_unlock
 .text.os_thread_jit_write_protect_np
                0x00000000080148e4        0x2 app/libapp.a(zephyr_thread.c.obj)
                0x00000000080148e4                os_thread_jit_write_protect_np
 .text.os_time_get_boot_us
                0x00000000080148e6       0x1c app/libapp.a(zephyr_time.c.obj)
                0x00000000080148e6                os_time_get_boot_us
 .text.remove_tree_node
                0x0000000008014902       0xd6 app/libapp.a(ems_alloc.c.obj)
 .text.alloc_hmu
                0x00000000080149d8      0x162 app/libapp.a(ems_alloc.c.obj)
 .text.adjust_ptr
                0x0000000008014b3a       0x1c app/libapp.a(ems_kfc.c.obj)
 .text.gc_destroy_with_pool
                0x0000000008014b56       0x22 app/libapp.a(ems_kfc.c.obj)
                0x0000000008014b56                gc_destroy_with_pool
 .text.gc_get_heap_struct_size
                0x0000000008014b78        0x4 app/libapp.a(ems_kfc.c.obj)
                0x0000000008014b78                gc_get_heap_struct_size
 .text.gc_is_heap_corrupted
                0x0000000008014b7c        0x6 app/libapp.a(ems_kfc.c.obj)
                0x0000000008014b7c                gc_is_heap_corrupted
 .text.mem_allocator_create
                0x0000000008014b82        0x4 app/libapp.a(mem_alloc.c.obj)
                0x0000000008014b82                mem_allocator_create
 .text.mem_allocator_create_with_struct_and_pool
                0x0000000008014b86        0x4 app/libapp.a(mem_alloc.c.obj)
                0x0000000008014b86                mem_allocator_create_with_struct_and_pool
 .text.mem_allocator_destroy
                0x0000000008014b8a        0x4 app/libapp.a(mem_alloc.c.obj)
                0x0000000008014b8a                mem_allocator_destroy
 .text.mem_allocator_get_heap_struct_size
                0x0000000008014b8e        0x4 app/libapp.a(mem_alloc.c.obj)
                0x0000000008014b8e                mem_allocator_get_heap_struct_size
 .text.mem_allocator_malloc
                0x0000000008014b92        0x4 app/libapp.a(mem_alloc.c.obj)
                0x0000000008014b92                mem_allocator_malloc
 .text.mem_allocator_realloc
                0x0000000008014b96        0x4 app/libapp.a(mem_alloc.c.obj)
                0x0000000008014b96                mem_allocator_realloc
 .text.mem_allocator_free
                0x0000000008014b9a        0x8 app/libapp.a(mem_alloc.c.obj)
                0x0000000008014b9a                mem_allocator_free
 .text.mem_allocator_migrate
                0x0000000008014ba2        0x4 app/libapp.a(mem_alloc.c.obj)
                0x0000000008014ba2                mem_allocator_migrate
 .text.mem_allocator_is_heap_corrupted
                0x0000000008014ba6        0x4 app/libapp.a(mem_alloc.c.obj)
                0x0000000008014ba6                mem_allocator_is_heap_corrupted
 .text.bh_bitmap_new
                0x0000000008014baa       0x34 app/libapp.a(bh_bitmap.c.obj)
                0x0000000008014baa                bh_bitmap_new
 .text.b_memcpy_s
                0x0000000008014bde       0x2c app/libapp.a(bh_common.c.obj)
                0x0000000008014bde                b_memcpy_s
 .text.b_memmove_s
                0x0000000008014c0a       0x2c app/libapp.a(bh_common.c.obj)
                0x0000000008014c0a                b_memmove_s
 .text.b_strcpy_s
                0x0000000008014c36       0x2a app/libapp.a(bh_common.c.obj)
                0x0000000008014c36                b_strcpy_s
 .text.bh_leb_read
                0x0000000008014c60       0xe0 app/libapp.a(bh_leb128.c.obj)
                0x0000000008014c60                bh_leb_read
 .text.bh_list_init
                0x0000000008014d40       0x12 app/libapp.a(bh_list.c.obj)
                0x0000000008014d40                bh_list_init
 .text.bh_list_insert
                0x0000000008014d52       0x1a app/libapp.a(bh_list.c.obj)
                0x0000000008014d52                bh_list_insert
 .text.bh_list_first_elem
                0x0000000008014d6c        0x6 app/libapp.a(bh_list.c.obj)
                0x0000000008014d6c                bh_list_first_elem
 .text.bh_list_elem_next
                0x0000000008014d72        0x6 app/libapp.a(bh_list.c.obj)
                0x0000000008014d72                bh_list_elem_next
 .text.print_err
                0x0000000008014d78       0x1c app/libapp.a(libc_builtin_wrapper.c.obj)
 .text.sprintf_out
                0x0000000008014d94       0x26 app/libapp.a(libc_builtin_wrapper.c.obj)
 .text.isupper_wrapper
                0x0000000008014dba        0xe app/libapp.a(libc_builtin_wrapper.c.obj)
 .text.isalpha_wrapper
                0x0000000008014dc8       0x10 app/libapp.a(libc_builtin_wrapper.c.obj)
 .text.isspace_wrapper
                0x0000000008014dd8       0x16 app/libapp.a(libc_builtin_wrapper.c.obj)
 .text.isgraph_wrapper
                0x0000000008014dee        0xe app/libapp.a(libc_builtin_wrapper.c.obj)
 .text.isprint_wrapper
                0x0000000008014dfc        0xe app/libapp.a(libc_builtin_wrapper.c.obj)
 .text.isdigit_wrapper
                0x0000000008014e0a        0xe app/libapp.a(libc_builtin_wrapper.c.obj)
 .text.isxdigit_wrapper
                0x0000000008014e18       0x1c app/libapp.a(libc_builtin_wrapper.c.obj)
 .text.tolower_wrapper
                0x0000000008014e34        0xe app/libapp.a(libc_builtin_wrapper.c.obj)
 .text.toupper_wrapper
                0x0000000008014e42       0x10 app/libapp.a(libc_builtin_wrapper.c.obj)
 .text.isalnum_wrapper
                0x0000000008014e52       0x1c app/libapp.a(libc_builtin_wrapper.c.obj)
 .text.__cxa_begin_catch_wrapper
                0x0000000008014e6e        0x2 app/libapp.a(libc_builtin_wrapper.c.obj)
 .text.clock_wrapper
                0x0000000008014e70       0x14 app/libapp.a(libc_builtin_wrapper.c.obj)
 .text.malloc_wrapper
                0x0000000008014e84       0x16 app/libapp.a(libc_builtin_wrapper.c.obj)
 .text.__cxa_allocate_exception_wrapper
                0x0000000008014e9a        0x4 app/libapp.a(libc_builtin_wrapper.c.obj)
 .text.emscripten_memcpy_big_wrapper
                0x0000000008014e9e       0x38 app/libapp.a(libc_builtin_wrapper.c.obj)
 .text.memcpy_wrapper
                0x0000000008014ed6       0x3a app/libapp.a(libc_builtin_wrapper.c.obj)
 .text.strstr_wrapper
                0x0000000008014f10       0x1e app/libapp.a(libc_builtin_wrapper.c.obj)
 .text.strcspn_wrapper
                0x0000000008014f2e        0x8 app/libapp.a(libc_builtin_wrapper.c.obj)
 .text.strspn_wrapper
                0x0000000008014f36        0x8 app/libapp.a(libc_builtin_wrapper.c.obj)
 .text.strncasecmp_wrapper
                0x0000000008014f3e        0xa app/libapp.a(libc_builtin_wrapper.c.obj)
 .text.memchr_wrapper
                0x0000000008014f48       0x2e app/libapp.a(libc_builtin_wrapper.c.obj)
 .text.strtoul_wrapper
                0x0000000008014f76       0x3a app/libapp.a(libc_builtin_wrapper.c.obj)
 .text.strtol_wrapper
                0x0000000008014fb0       0x3a app/libapp.a(libc_builtin_wrapper.c.obj)
 .text.atoi_wrapper
                0x0000000008014fea        0x6 app/libapp.a(libc_builtin_wrapper.c.obj)
 .text.free_wrapper
                0x0000000008014ff0       0x2e app/libapp.a(libc_builtin_wrapper.c.obj)
 .text.strdup_wrapper
                0x000000000801501e       0x3c app/libapp.a(libc_builtin_wrapper.c.obj)
 .text._strdup_wrapper
                0x000000000801505a        0x4 app/libapp.a(libc_builtin_wrapper.c.obj)
 .text.strlen_wrapper
                0x000000000801505e        0x6 app/libapp.a(libc_builtin_wrapper.c.obj)
 .text.calloc_wrapper
                0x0000000008015064       0x40 app/libapp.a(libc_builtin_wrapper.c.obj)
 .text.memset_wrapper
                0x00000000080150a4       0x36 app/libapp.a(libc_builtin_wrapper.c.obj)
 .text.realloc_wrapper
                0x00000000080150da       0x1e app/libapp.a(libc_builtin_wrapper.c.obj)
 .text.strncpy_wrapper
                0x00000000080150f8       0x2e app/libapp.a(libc_builtin_wrapper.c.obj)
 .text.strcpy_wrapper
                0x0000000008015126       0x36 app/libapp.a(libc_builtin_wrapper.c.obj)
 .text.strncmp_wrapper
                0x000000000801515c       0x28 app/libapp.a(libc_builtin_wrapper.c.obj)
 .text.strcmp_wrapper
                0x0000000008015184        0x8 app/libapp.a(libc_builtin_wrapper.c.obj)
 .text.strchr_wrapper
                0x000000000801518c       0x20 app/libapp.a(libc_builtin_wrapper.c.obj)
 .text.memmove_wrapper
                0x00000000080151ac       0x38 app/libapp.a(libc_builtin_wrapper.c.obj)
 .text.memcmp_wrapper
                0x00000000080151e4       0x28 app/libapp.a(libc_builtin_wrapper.c.obj)
 .text.wasm_byte_vec_delete
                0x000000000801520c        0x8 app/libapp.a(wasm_c_api.c.obj)
                0x000000000801520c                wasm_byte_vec_delete
 .text.wasm_trap_delete
                0x0000000008015214       0x24 app/libapp.a(wasm_c_api.c.obj)
                0x0000000008015214                wasm_trap_delete
 .text.wasm_exec_env_create_internal
                0x0000000008015238       0x6c app/libapp.a(wasm_exec_env.c.obj)
                0x0000000008015238                wasm_exec_env_create_internal
 .text.wasm_exec_env_destroy_internal
                0x00000000080152a4       0x14 app/libapp.a(wasm_exec_env.c.obj)
                0x00000000080152a4                wasm_exec_env_destroy_internal
 .text.wasm_exec_env_create
                0x00000000080152b8       0x42 app/libapp.a(wasm_exec_env.c.obj)
                0x00000000080152b8                wasm_exec_env_create
 .text.wasm_exec_env_destroy
                0x00000000080152fa        0x4 app/libapp.a(wasm_exec_env.c.obj)
                0x00000000080152fa                wasm_exec_env_destroy
 .text.wasm_exec_env_get_module_inst
                0x00000000080152fe        0x4 app/libapp.a(wasm_exec_env.c.obj)
                0x00000000080152fe                wasm_exec_env_get_module_inst
 .text.wasm_exec_env_set_module_inst
                0x0000000008015302        0x4 app/libapp.a(wasm_exec_env.c.obj)
                0x0000000008015302                wasm_exec_env_set_module_inst
 .text.wasm_exec_env_restore_module_inst
                0x0000000008015306       0x34 app/libapp.a(wasm_exec_env.c.obj)
                0x0000000008015306                wasm_exec_env_restore_module_inst
 .text.wasm_exec_env_set_thread_info
                0x000000000801533a       0x22 app/libapp.a(wasm_exec_env.c.obj)
                0x000000000801533a                wasm_exec_env_set_thread_info
 .text.is_valid_value_type
                0x000000000801535c        0xc app/libapp.a(wasm_loader_common.c.obj)
                0x000000000801535c                is_valid_value_type
 .text.is_valid_value_type_for_interpreter
                0x0000000008015368        0xc app/libapp.a(wasm_loader_common.c.obj)
                0x0000000008015368                is_valid_value_type_for_interpreter
 .text.is_valid_func_type
                0x0000000008015374       0x22 app/libapp.a(wasm_loader_common.c.obj)
                0x0000000008015374                is_valid_func_type
 .text.wasm_get_default_memory
                0x0000000008015396        0x8 app/libapp.a(wasm_memory.c.obj)
                0x0000000008015396                wasm_get_default_memory
 .text.wasm_runtime_addr_app_to_native
                0x000000000801539e       0x1e app/libapp.a(wasm_memory.c.obj)
                0x000000000801539e                wasm_runtime_addr_app_to_native
 .text.wasm_runtime_addr_native_to_app
                0x00000000080153bc       0x20 app/libapp.a(wasm_memory.c.obj)
                0x00000000080153bc                wasm_runtime_addr_native_to_app
 .text.wasm_runtime_get_app_addr_range
                0x00000000080153dc       0x30 app/libapp.a(wasm_memory.c.obj)
                0x00000000080153dc                wasm_runtime_get_app_addr_range
 .text.wasm_runtime_get_native_addr_range
                0x000000000801540c       0x28 app/libapp.a(wasm_memory.c.obj)
                0x000000000801540c                wasm_runtime_get_native_addr_range
 .text.wasm_runtime_set_mem_bound_check_bytes
                0x0000000008015434       0x18 app/libapp.a(wasm_memory.c.obj)
                0x0000000008015434                wasm_runtime_set_mem_bound_check_bytes
 .text.wasm_enlarge_memory
                0x000000000801544c       0x12 app/libapp.a(wasm_memory.c.obj)
                0x000000000801544c                wasm_enlarge_memory
 .text.wasm_enlarge_memory_with_idx
                0x000000000801545e       0x1e app/libapp.a(wasm_memory.c.obj)
                0x000000000801545e                wasm_enlarge_memory_with_idx
 .text.wasm_deallocate_linear_memory
                0x000000000801547c       0x18 app/libapp.a(wasm_memory.c.obj)
                0x000000000801547c                wasm_deallocate_linear_memory
 .text.wasm_allocate_linear_memory
                0x0000000008015494       0x5c app/libapp.a(wasm_memory.c.obj)
                0x0000000008015494                wasm_allocate_linear_memory
 .text.GET_I64_FROM_ADDR
                0x00000000080154f0        0x6 app/libapp.a(wasm_native.c.obj)
 .text.invoke_no_args_v
                0x00000000080154f6        0x6 app/libapp.a(wasm_native.c.obj)
 .text.invoke_no_args_i
                0x00000000080154fc        0xe app/libapp.a(wasm_native.c.obj)
 .text.invoke_no_args_I
                0x000000000801550a       0x10 app/libapp.a(wasm_native.c.obj)
 .text.invoke_i_v
                0x000000000801551a        0x8 app/libapp.a(wasm_native.c.obj)
 .text.invoke_i_i
                0x0000000008015522       0x10 app/libapp.a(wasm_native.c.obj)
 .text.invoke_i_I
                0x0000000008015532       0x12 app/libapp.a(wasm_native.c.obj)
 .text.invoke_I_v
                0x0000000008015544       0x1a app/libapp.a(wasm_native.c.obj)
 .text.invoke_I_i
                0x000000000801555e       0x1a app/libapp.a(wasm_native.c.obj)
 .text.invoke_I_I
                0x0000000008015578       0x1c app/libapp.a(wasm_native.c.obj)
 .text.invoke_ii_v
                0x0000000008015594       0x10 app/libapp.a(wasm_native.c.obj)
 .text.invoke_ii_i
                0x00000000080155a4       0x12 app/libapp.a(wasm_native.c.obj)
 .text.invoke_ii_I
                0x00000000080155b6       0x14 app/libapp.a(wasm_native.c.obj)
 .text.invoke_iI_v
                0x00000000080155ca       0x20 app/libapp.a(wasm_native.c.obj)
 .text.invoke_iI_i
                0x00000000080155ea       0x20 app/libapp.a(wasm_native.c.obj)
 .text.invoke_iI_I
                0x000000000801560a       0x22 app/libapp.a(wasm_native.c.obj)
 .text.invoke_Ii_v
                0x000000000801562c       0x1c app/libapp.a(wasm_native.c.obj)
 .text.invoke_Ii_i
                0x0000000008015648       0x22 app/libapp.a(wasm_native.c.obj)
 .text.invoke_Ii_I
                0x000000000801566a       0x24 app/libapp.a(wasm_native.c.obj)
 .text.invoke_II_v
                0x000000000801568e       0x26 app/libapp.a(wasm_native.c.obj)
 .text.invoke_II_i
                0x00000000080156b4       0x2a app/libapp.a(wasm_native.c.obj)
 .text.invoke_II_I
                0x00000000080156de       0x2c app/libapp.a(wasm_native.c.obj)
 .text.invoke_iii_v
                0x000000000801570a       0x14 app/libapp.a(wasm_native.c.obj)
 .text.invoke_iii_i
                0x000000000801571e       0x16 app/libapp.a(wasm_native.c.obj)
 .text.invoke_iii_I
                0x0000000008015734       0x18 app/libapp.a(wasm_native.c.obj)
 .text.invoke_iiI_v
                0x000000000801574c       0x20 app/libapp.a(wasm_native.c.obj)
 .text.invoke_iiI_i
                0x000000000801576c       0x24 app/libapp.a(wasm_native.c.obj)
 .text.invoke_iiI_I
                0x0000000008015790       0x26 app/libapp.a(wasm_native.c.obj)
 .text.invoke_iIi_v
                0x00000000080157b6       0x22 app/libapp.a(wasm_native.c.obj)
 .text.invoke_iIi_i
                0x00000000080157d8       0x2c app/libapp.a(wasm_native.c.obj)
 .text.invoke_iIi_I
                0x0000000008015804       0x2e app/libapp.a(wasm_native.c.obj)
 .text.invoke_iII_v
                0x0000000008015832       0x2c app/libapp.a(wasm_native.c.obj)
 .text.invoke_iII_i
                0x000000000801585e       0x34 app/libapp.a(wasm_native.c.obj)
 .text.invoke_iII_I
                0x0000000008015892       0x36 app/libapp.a(wasm_native.c.obj)
 .text.invoke_Iii_v
                0x00000000080158c8       0x20 app/libapp.a(wasm_native.c.obj)
 .text.invoke_Iii_i
                0x00000000080158e8       0x26 app/libapp.a(wasm_native.c.obj)
 .text.invoke_Iii_I
                0x000000000801590e       0x28 app/libapp.a(wasm_native.c.obj)
 .text.invoke_IiI_v
                0x0000000008015936       0x2c app/libapp.a(wasm_native.c.obj)
 .text.invoke_IiI_i
                0x0000000008015962       0x36 app/libapp.a(wasm_native.c.obj)
 .text.invoke_IiI_I
                0x0000000008015998       0x38 app/libapp.a(wasm_native.c.obj)
 .text.invoke_IIi_v
                0x00000000080159d0       0x2a app/libapp.a(wasm_native.c.obj)
 .text.invoke_IIi_i
                0x00000000080159fa       0x30 app/libapp.a(wasm_native.c.obj)
 .text.invoke_IIi_I
                0x0000000008015a2a       0x32 app/libapp.a(wasm_native.c.obj)
 .text.invoke_III_v
                0x0000000008015a5c       0x3a app/libapp.a(wasm_native.c.obj)
 .text.invoke_III_i
                0x0000000008015a96       0x40 app/libapp.a(wasm_native.c.obj)
 .text.invoke_III_I
                0x0000000008015ad6       0x42 app/libapp.a(wasm_native.c.obj)
 .text.invoke_iiii_v
                0x0000000008015b18       0x18 app/libapp.a(wasm_native.c.obj)
 .text.invoke_iiii_i
                0x0000000008015b30       0x1c app/libapp.a(wasm_native.c.obj)
 .text.invoke_iiii_I
                0x0000000008015b4c       0x1e app/libapp.a(wasm_native.c.obj)
 .text.invoke_iiiI_v
                0x0000000008015b6a       0x24 app/libapp.a(wasm_native.c.obj)
 .text.invoke_iiiI_i
                0x0000000008015b8e       0x2c app/libapp.a(wasm_native.c.obj)
 .text.invoke_iiiI_I
                0x0000000008015bba       0x2e app/libapp.a(wasm_native.c.obj)
 .text.invoke_iiIi_v
                0x0000000008015be8       0x26 app/libapp.a(wasm_native.c.obj)
 .text.invoke_iiIi_i
                0x0000000008015c0e       0x2c app/libapp.a(wasm_native.c.obj)
 .text.invoke_iiIi_I
                0x0000000008015c3a       0x2e app/libapp.a(wasm_native.c.obj)
 .text.invoke_iiII_v
                0x0000000008015c68       0x36 app/libapp.a(wasm_native.c.obj)
 .text.invoke_iiII_i
                0x0000000008015c9e       0x3c app/libapp.a(wasm_native.c.obj)
 .text.invoke_iiII_I
                0x0000000008015cda       0x3e app/libapp.a(wasm_native.c.obj)
 .text.invoke_iIii_v
                0x0000000008015d18       0x26 app/libapp.a(wasm_native.c.obj)
 .text.invoke_iIii_i
                0x0000000008015d3e       0x30 app/libapp.a(wasm_native.c.obj)
 .text.invoke_iIii_I
                0x0000000008015d6e       0x32 app/libapp.a(wasm_native.c.obj)
 .text.invoke_iIiI_v
                0x0000000008015da0       0x38 app/libapp.a(wasm_native.c.obj)
 .text.invoke_iIiI_i
                0x0000000008015dd8       0x3e app/libapp.a(wasm_native.c.obj)
 .text.invoke_iIiI_I
                0x0000000008015e16       0x40 app/libapp.a(wasm_native.c.obj)
 .text.invoke_iIIi_v
                0x0000000008015e56       0x32 app/libapp.a(wasm_native.c.obj)
 .text.invoke_iIIi_i
                0x0000000008015e88       0x38 app/libapp.a(wasm_native.c.obj)
 .text.invoke_iIIi_I
                0x0000000008015ec0       0x3a app/libapp.a(wasm_native.c.obj)
 .text.invoke_iIII_v
                0x0000000008015efa       0x42 app/libapp.a(wasm_native.c.obj)
 .text.invoke_iIII_i
                0x0000000008015f3c       0x44 app/libapp.a(wasm_native.c.obj)
 .text.invoke_iIII_I
                0x0000000008015f80       0x46 app/libapp.a(wasm_native.c.obj)
 .text.invoke_Iiii_v
                0x0000000008015fc6       0x26 app/libapp.a(wasm_native.c.obj)
 .text.invoke_Iiii_i
                0x0000000008015fec       0x2c app/libapp.a(wasm_native.c.obj)
 .text.invoke_Iiii_I
                0x0000000008016018       0x2e app/libapp.a(wasm_native.c.obj)
 .text.invoke_IiiI_v
                0x0000000008016046       0x32 app/libapp.a(wasm_native.c.obj)
 .text.invoke_IiiI_i
                0x0000000008016078       0x38 app/libapp.a(wasm_native.c.obj)
 .text.invoke_IiiI_I
                0x00000000080160b0       0x3a app/libapp.a(wasm_native.c.obj)
 .text.invoke_IiIi_v
                0x00000000080160ea       0x30 app/libapp.a(wasm_native.c.obj)
 .text.invoke_IiIi_i
                0x000000000801611a       0x3c app/libapp.a(wasm_native.c.obj)
 .text.invoke_IiIi_I
                0x0000000008016156       0x3e app/libapp.a(wasm_native.c.obj)
 .text.invoke_IiII_v